#
# There is insufficient memory for the Java Runtime Environment to continue.
# Native memory allocation (malloc) failed to allocate 1048576 bytes. Error detail: AllocateHeap
# Possible reasons:
#   The system is out of physical RAM or swap space
#   This process is running with CompressedOops enabled, and the Java Heap may be blocking the growth of the native heap
# Possible solutions:
#   Reduce memory load on the system
#   Increase physical memory or swap space
#   Check if swap backing store is full
#   Decrease Java heap size (-Xmx/-Xms)
#   Decrease number of Java threads
#   Decrease Java thread stack sizes (-Xss)
#   Set larger code cache with -XX:ReservedCodeCacheSize=
#   JVM is running with Unscaled Compressed Oops mode in which the Java heap is
#     placed in the first 4GB address space. The Java Heap base address is the
#     maximum limit for the native heap growth. Please use -XX:HeapBaseMinAddress
#     to set the Java Heap base and to place the Java Heap above 4GB virtual address.
# This output file may be truncated or incomplete.
#
#  Out of Memory Error (allocation.cpp:44), pid=4004, tid=12100
#
# JRE version: OpenJDK Runtime Environment Temurin-21.0.11+10 (21.0.11+10) (build 21.0.11+10-LTS)
# Java VM: OpenJDK 64-Bit Server VM Temurin-21.0.11+10 (21.0.11+10-LTS, mixed mode, sharing, tiered, compressed oops, compressed class ptrs, parallel gc, windows-amd64)
# No core dump will be written. Minidumps are not enabled by default on client versions of Windows
#

---------------  S U M M A R Y ------------

Command Line: --add-modules=ALL-SYSTEM --add-opens=java.base/java.util=ALL-UNNAMED --add-opens=java.base/java.lang=ALL-UNNAMED --add-opens=java.base/sun.nio.fs=ALL-UNNAMED -Declipse.application=org.eclipse.jdt.ls.core.id1 -Dosgi.bundles.defaultStartLevel=4 -Declipse.product=org.eclipse.jdt.ls.core.product -Djava.import.generatesMetadataFilesAtProjectRoot=false -DDetectVMInstallationsJob.disabled=true -Dfile.encoding=utf8 -XX:+UseParallelGC -XX:GCTimeRatio=4 -XX:AdaptiveSizePolicyWeight=90 -Dsun.zip.disableMemoryMapping=true -Xmx2G -Xms100m -Xlog:disable -javaagent:c:\Users\USER\.antigravity-ide\extensions\redhat.java-1.55.0-win32-x64\lombok\lombok-1.18.39-4050.jar -XX:+HeapDumpOnOutOfMemoryError -XX:HeapDumpPath=c:\Users\USER\AppData\Roaming\Antigravity IDE\User\workspaceStorage\dcd9b6f879a3aa02deb31407ba3962f0\redhat.java -Daether.dependencyCollector.impl=bf c:\Users\USER\.antigravity-ide\extensions\redhat.java-1.55.0-win32-x64\server\plugins\org.eclipse.equinox.launcher_1.7.200.v20260619-2039.jar -configuration c:\Users\USER\AppData\Roaming\Antigravity IDE\User\globalStorage\redhat.java\1.55.0\config_win -data c:\Users\USER\AppData\Roaming\Antigravity IDE\User\workspaceStorage\dcd9b6f879a3aa02deb31407ba3962f0\redhat.java\jdt_ws --pipe=\\.\pipe\lsp-7f0bc07d1619ccb6ef20062a86c1d976-sock

Host: Intel(R) Core(TM) Ultra 7 155H, 22 cores, 15G,  Windows 11 , 64 bit Build 26100 (10.0.26100.8737)
Time: Thu Jul  9 18:42:35 2026 SE Asia Standard Time elapsed time: 12143.571099 seconds (0d 3h 22m 23s)

---------------  T H R E A D  ---------------

Current thread (0x00000145ffe2c380):  JavaThread "Attach Listener" daemon [_thread_in_vm, id=12100, stack(0x0000004327e00000,0x0000004327f00000) (1024K)]

Stack: [0x0000004327e00000,0x0000004327f00000]
Native frames: (J=compiled Java code, j=interpreted, Vv=VM code, C=native code)
V  [jvm.dll+0x6d7e19]
V  [jvm.dll+0x8b5096]
V  [jvm.dll+0x8b764e]
V  [jvm.dll+0x8b7d33]
V  [jvm.dll+0x284596]
V  [jvm.dll+0xc13c7]
V  [jvm.dll+0x6d86c9]
V  [jvm.dll+0x133616]
V  [jvm.dll+0x3f868e]
V  [jvm.dll+0x85fb0d]
V  [jvm.dll+0x6d664d]
C  [ucrtbase.dll+0x2cd30]
C  [KERNEL32.DLL+0x2e957]
C  [ntdll.dll+0xaad6c]


---------------  P R O C E S S  ---------------

Threads class SMR info:
_java_thread_list=0x00000145f56b09c0, length=51, elements={
0x00000145ffd7ec90, 0x00000145ffe25400, 0x00000145969ebf40, 0x00000145ffe29be0,
0x00000145ffe2c380, 0x00000145ffe2e450, 0x00000145ffe2ca10, 0x00000145ffe36520,
0x00000145ffe3a5f0, 0x00000145ffe2d0a0, 0x00000145ffe2d730, 0x00000145ffe2ddc0,
0x00000145ffe2afd0, 0x00000145ffe2b660, 0x00000145ffe2bcf0, 0x00000145e01bd3f0,
0x00000145e01bc040, 0x00000145e01ba600, 0x00000145e01bc6d0, 0x00000145e01b9f70,
0x00000145e01bda80, 0x00000145e01be110, 0x00000145e01bb9b0, 0x00000145e01c0870,
0x00000145e01bf4c0, 0x00000145e01bfb50, 0x00000145e01c01e0, 0x00000145e01c0f00,
0x00000145e01c1590, 0x00000145e297c9a0, 0x00000145e297bc80, 0x00000145e297af60,
0x00000145e297a240, 0x00000145e297a8d0, 0x00000145e297e3e0, 0x00000145e297c310,
0x00000145e297ea70, 0x00000145e297d030, 0x00000145e297d6c0, 0x00000145e297dd50,
0x00000145e297b5f0, 0x00000145e2980b40, 0x00000145e297f100, 0x00000145e297fe20,
0x00000145e297f790, 0x00000145e29804b0, 0x00000145e4728050, 0x00000145e47286e0,
0x00000145f0deead0, 0x00000145e58c1cc0, 0x00000145e24799f0
}

Java Threads: ( => current thread )
  0x00000145ffd7ec90 JavaThread "main"                              [_thread_blocked, id=23240, stack(0x0000004327700000,0x0000004327800000) (1024K)]
  0x00000145ffe25400 JavaThread "Reference Handler"          daemon [_thread_blocked, id=28276, stack(0x0000004327b00000,0x0000004327c00000) (1024K)]
  0x00000145969ebf40 JavaThread "Finalizer"                  daemon [_thread_blocked, id=10044, stack(0x0000004327c00000,0x0000004327d00000) (1024K)]
  0x00000145ffe29be0 JavaThread "Signal Dispatcher"          daemon [_thread_blocked, id=22600, stack(0x0000004327d00000,0x0000004327e00000) (1024K)]
=>0x00000145ffe2c380 JavaThread "Attach Listener"            daemon [_thread_in_vm, id=12100, stack(0x0000004327e00000,0x0000004327f00000) (1024K)]
  0x00000145ffe2e450 JavaThread "Service Thread"             daemon [_thread_blocked, id=29508, stack(0x0000004327f00000,0x0000004328000000) (1024K)]
  0x00000145ffe2ca10 JavaThread "Monitor Deflation Thread"   daemon [_thread_blocked, id=29064, stack(0x0000004328000000,0x0000004328100000) (1024K)]
  0x00000145ffe36520 JavaThread "C2 CompilerThread0"         daemon [_thread_blocked, id=28324, stack(0x0000004328100000,0x0000004328200000) (1024K)]
  0x00000145ffe3a5f0 JavaThread "C1 CompilerThread0"         daemon [_thread_blocked, id=26384, stack(0x0000004328200000,0x0000004328300000) (1024K)]
  0x00000145ffe2d0a0 JavaThread "Common-Cleaner"             daemon [_thread_blocked, id=28292, stack(0x0000004328500000,0x0000004328600000) (1024K)]
  0x00000145ffe2d730 JavaThread "Notification Thread"        daemon [_thread_blocked, id=24428, stack(0x0000004328800000,0x0000004328900000) (1024K)]
  0x00000145ffe2ddc0 JavaThread "Active Thread: Equinox Container: 5e601257-90f4-433f-99b6-f3c346b40239"        [_thread_blocked, id=23744, stack(0x0000004329000000,0x0000004329100000) (1024K)]
  0x00000145ffe2afd0 JavaThread "Refresh Thread: Equinox Container: 5e601257-90f4-433f-99b6-f3c346b40239" daemon [_thread_blocked, id=27964, stack(0x0000004328400000,0x0000004328500000) (1024K)]
  0x00000145ffe2b660 JavaThread "Framework Event Dispatcher: Equinox Container: 5e601257-90f4-433f-99b6-f3c346b40239" daemon [_thread_blocked, id=29344, stack(0x0000004328700000,0x0000004328800000) (1024K)]
  0x00000145ffe2bcf0 JavaThread "Start Level: Equinox Container: 5e601257-90f4-433f-99b6-f3c346b40239" daemon [_thread_blocked, id=28160, stack(0x0000004328900000,0x0000004328a00000) (1024K)]
  0x00000145e01bd3f0 JavaThread "Bundle File Closer"         daemon [_thread_blocked, id=17724, stack(0x0000004329400000,0x0000004329500000) (1024K)]
  0x00000145e01bc040 JavaThread "SCR Component Actor"        daemon [_thread_blocked, id=26656, stack(0x0000004329500000,0x0000004329600000) (1024K)]
  0x00000145e01ba600 JavaThread "Worker-JM"                         [_thread_blocked, id=16784, stack(0x0000004329b00000,0x0000004329c00000) (1024K)]
  0x00000145e01bc6d0 JavaThread "JNA Cleaner"                daemon [_thread_blocked, id=10576, stack(0x0000004329f00000,0x000000432a000000) (1024K)]
  0x00000145e01b9f70 JavaThread "Java indexing"              daemon [_thread_blocked, id=16996, stack(0x000000432a400000,0x000000432a500000) (1024K)]
  0x00000145e01bda80 JavaThread "Thread-1"                   daemon [_thread_in_native, id=28952, stack(0x000000432a900000,0x000000432aa00000) (1024K)]
  0x00000145e01be110 JavaThread "Thread-2"                   daemon [_thread_in_native, id=28036, stack(0x000000432aa00000,0x000000432ab00000) (1024K)]
  0x00000145e01bb9b0 JavaThread "Thread-3"                   daemon [_thread_in_native, id=6020, stack(0x000000432ab00000,0x000000432ac00000) (1024K)]
  0x00000145e01c0870 JavaThread "Thread-4"                   daemon [_thread_in_native, id=27928, stack(0x000000432ac00000,0x000000432ad00000) (1024K)]
  0x00000145e01bf4c0 JavaThread "Thread-5"                   daemon [_thread_in_native, id=24276, stack(0x000000432ad00000,0x000000432ae00000) (1024K)]
  0x00000145e01bfb50 JavaThread "Thread-6"                   daemon [_thread_in_native, id=26300, stack(0x000000432ae00000,0x000000432af00000) (1024K)]
  0x00000145e01c01e0 JavaThread "Thread-7"                   daemon [_thread_in_native, id=22364, stack(0x000000432af00000,0x000000432b000000) (1024K)]
  0x00000145e01c0f00 JavaThread "Thread-8"                   daemon [_thread_in_native, id=21160, stack(0x000000432b000000,0x000000432b100000) (1024K)]
  0x00000145e01c1590 JavaThread "Thread-9"                   daemon [_thread_in_native, id=2620, stack(0x000000432b100000,0x000000432b200000) (1024K)]
  0x00000145e297c9a0 JavaThread "Thread-10"                  daemon [_thread_in_native, id=25240, stack(0x000000432b200000,0x000000432b300000) (1024K)]
  0x00000145e297bc80 JavaThread "Thread-11"                  daemon [_thread_in_native, id=12684, stack(0x000000432b300000,0x000000432b400000) (1024K)]
  0x00000145e297af60 JavaThread "Thread-12"                  daemon [_thread_in_native, id=22820, stack(0x000000432b400000,0x000000432b500000) (1024K)]
  0x00000145e297a240 JavaThread "Thread-13"                  daemon [_thread_in_native, id=2648, stack(0x000000432b500000,0x000000432b600000) (1024K)]
  0x00000145e297a8d0 JavaThread "Thread-14"                  daemon [_thread_in_native, id=27092, stack(0x000000432b600000,0x000000432b700000) (1024K)]
  0x00000145e297e3e0 JavaThread "Thread-15"                  daemon [_thread_in_native, id=25936, stack(0x000000432b700000,0x000000432b800000) (1024K)]
  0x00000145e297c310 JavaThread "Thread-16"                  daemon [_thread_in_native, id=29620, stack(0x000000432b800000,0x000000432b900000) (1024K)]
  0x00000145e297ea70 JavaThread "Thread-17"                  daemon [_thread_in_native, id=15500, stack(0x000000432b900000,0x000000432ba00000) (1024K)]
  0x00000145e297d030 JavaThread "Thread-18"                  daemon [_thread_in_native, id=28132, stack(0x000000432ba00000,0x000000432bb00000) (1024K)]
  0x00000145e297d6c0 JavaThread "Thread-19"                  daemon [_thread_in_native, id=23100, stack(0x000000432bb00000,0x000000432bc00000) (1024K)]
  0x00000145e297dd50 JavaThread "Thread-20"                  daemon [_thread_in_native, id=29640, stack(0x000000432bc00000,0x000000432bd00000) (1024K)]
  0x00000145e297b5f0 JavaThread "Thread-21"                  daemon [_thread_in_native, id=27596, stack(0x000000432bd00000,0x000000432be00000) (1024K)]
  0x00000145e2980b40 JavaThread "Thread-22"                  daemon [_thread_in_native, id=29644, stack(0x000000432be00000,0x000000432bf00000) (1024K)]
  0x00000145e297f100 JavaThread "Thread-23"                  daemon [_thread_in_native, id=26604, stack(0x000000432bf00000,0x000000432c000000) (1024K)]
  0x00000145e297fe20 JavaThread "pool-2-thread-1"                   [_thread_blocked, id=16880, stack(0x000000432c000000,0x000000432c100000) (1024K)]
  0x00000145e297f790 JavaThread "WorkspaceEventsHandler"            [_thread_blocked, id=28060, stack(0x000000432c100000,0x000000432c200000) (1024K)]
  0x00000145e29804b0 JavaThread "pool-1-thread-1"                   [_thread_blocked, id=23360, stack(0x000000432c200000,0x000000432c300000) (1024K)]
  0x00000145e4728050 JavaThread "PatternSearchJob-worker-16" daemon [_thread_blocked, id=11116, stack(0x000000432d400000,0x000000432d500000) (1024K)]
  0x00000145e47286e0 JavaThread "Timer-0"                           [_thread_blocked, id=18264, stack(0x000000432dc00000,0x000000432dd00000) (1024K)]
  0x00000145f0deead0 JavaThread "Cleaner-0"                  daemon [_thread_blocked, id=30264, stack(0x000000432a800000,0x000000432a900000) (1024K)]
  0x00000145e58c1cc0 JavaThread "Worker-24"                         [_thread_blocked, id=29816, stack(0x0000004327400000,0x0000004327500000) (1024K)]
  0x00000145e24799f0 JavaThread "Worker-25"                         [_thread_blocked, id=38240, stack(0x000000432a500000,0x000000432a600000) (1024K)]
Total: 51

Other Threads:
  0x00000145969d4500 VMThread "VM Thread"                           [id=8232, stack(0x0000004327a00000,0x0000004327b00000) (1024K)] _threads_hazard_ptr=0x00000145f56b09c0
  0x00000145968cca00 WatcherThread "VM Periodic Task Thread"        [id=24988, stack(0x0000004327900000,0x0000004327a00000) (1024K)]
  0x00000145ffd9d140 WorkerThread "GC Thread#0"                     [id=12668, stack(0x0000004327800000,0x0000004327900000) (1024K)]
  0x00000145db8ccdd0 WorkerThread "GC Thread#1"                     [id=29368, stack(0x0000004328a00000,0x0000004328b00000) (1024K)]
  0x00000145db9ee650 WorkerThread "GC Thread#2"                     [id=18808, stack(0x0000004328b00000,0x0000004328c00000) (1024K)]
  0x00000145db5f3610 WorkerThread "GC Thread#3"                     [id=10892, stack(0x0000004328c00000,0x0000004328d00000) (1024K)]
  0x00000145db5f39c0 WorkerThread "GC Thread#4"                     [id=28100, stack(0x0000004328d00000,0x0000004328e00000) (1024K)]
  0x00000145e0250270 WorkerThread "GC Thread#5"                     [id=27800, stack(0x0000004328e00000,0x0000004328f00000) (1024K)]
  0x00000145db6b9870 WorkerThread "GC Thread#6"                     [id=28364, stack(0x0000004328f00000,0x0000004329000000) (1024K)]
  0x00000145db6c6c70 WorkerThread "GC Thread#7"                     [id=24468, stack(0x0000004329100000,0x0000004329200000) (1024K)]
  0x00000145db6c8290 WorkerThread "GC Thread#8"                     [id=23984, stack(0x0000004328600000,0x0000004328700000) (1024K)]
  0x00000145db6c73d0 WorkerThread "GC Thread#9"                     [id=13644, stack(0x0000004329200000,0x0000004329300000) (1024K)]
  0x00000145db6c7780 WorkerThread "GC Thread#10"                    [id=26768, stack(0x0000004329300000,0x0000004329400000) (1024K)]
  0x00000145db6da8c0 WorkerThread "GC Thread#11"                    [id=23440, stack(0x0000004329c00000,0x0000004329d00000) (1024K)]
  0x00000145db6dd500 WorkerThread "GC Thread#12"                    [id=11088, stack(0x0000004329d00000,0x0000004329e00000) (1024K)]
  0x00000145db6dc9f0 WorkerThread "GC Thread#13"                    [id=16164, stack(0x0000004329e00000,0x0000004329f00000) (1024K)]
  0x00000145db6db3d0 WorkerThread "GC Thread#14"                    [id=28576, stack(0x000000432a200000,0x000000432a300000) (1024K)]
  0x00000145db6db020 WorkerThread "GC Thread#15"                    [id=8816, stack(0x000000432a300000,0x000000432a400000) (1024K)]
Total: 18

Threads with active compile tasks:
Total: 0

VM state: synchronizing (normal execution)

VM Mutex/Monitor currently owned by a thread:  ([mutex/lock_event])
[0x00007ffbb9caf570] Threads_lock - owner thread: 0x00000145969d4500

Heap address: 0x0000000080000000, size: 2048 MB, Compressed Oops mode: 32-bit

CDS archive(s) mapped at: [0x0000014597000000-0x0000014597ba0000-0x0000014597ba0000), size 12189696, SharedBaseAddress: 0x0000014597000000, ArchiveRelocationMode: 1.
Compressed class space mapped at: 0x0000014598000000-0x00000145d8000000, reserved size: 1073741824
Narrow klass base: 0x0000014597000000, Narrow klass shift: 0, Narrow klass range: 0x100000000

GC Precious Log:
 CardTable entry size: 512
 CPUs: 22 total, 22 available
 Memory: 15894M
 Large Page Support: Disabled
 NUMA Support: Disabled
 Compressed Oops: Enabled (32-bit)
 Alignments: Space 512K, Generation 512K, Heap 2M
 Heap Min Capacity: 100M
 Heap Initial Capacity: 100M
 Heap Max Capacity: 2G
 Pre-touch: Disabled
 Parallel Workers: 16

Heap:
 PSYoungGen      total 6144K, used 3473K [0x00000000d5580000, 0x00000000d5c80000, 0x0000000100000000)
  eden space 5120K, 60% used [0x00000000d5580000,0x00000000d5884510,0x00000000d5a80000)
  from space 1024K, 37% used [0x00000000d5b80000,0x00000000d5be0000,0x00000000d5c80000)
  to   space 1024K, 0% used [0x00000000d5a80000,0x00000000d5a80000,0x00000000d5b80000)
 ParOldGen       total 925184K, used 924979K [0x0000000080000000, 0x00000000b8780000, 0x00000000d5580000)
  object space 925184K, 99% used [0x0000000080000000,0x00000000b874ce88,0x00000000b8780000)
 Metaspace       used 96831K, committed 98752K, reserved 1179648K
  class space    used 10441K, committed 11264K, reserved 1048576K

Card table byte_map: [0x00000145ff720000,0x00000145ffb30000] _byte_map_base: 0x00000145ff320000

Marking Bits: (ParMarkBitMap*) 0x00007ffbb9cb4460
 Begin Bits: [0x00000145923f0000, 0x00000145943f0000)
 End Bits:   [0x00000145943f0000, 0x00000145963f0000)

Polling page: 0x00000145fdbf0000

Metaspace:

Usage:
  Non-class:     84.37 MB used.
      Class:     10.20 MB used.
       Both:     94.56 MB used.

Virtual space:
  Non-class space:      128.00 MB reserved,      85.44 MB ( 67%) committed,  2 nodes.
      Class space:        1.00 GB reserved,      11.00 MB (  1%) committed,  1 nodes.
             Both:        1.12 GB reserved,      96.44 MB (  8%) committed. 

Chunk freelists:
   Non-Class:  10.55 MB
       Class:  4.87 MB
        Both:  15.42 MB

MaxMetaspaceSize: unlimited
CompressedClassSpaceSize: 1.00 GB
Initial GC threshold: 21.00 MB
Current GC threshold: 140.25 MB
CDS: on
 - commit_granule_bytes: 65536.
 - commit_granule_words: 8192.
 - virtual_space_node_default_size: 8388608.
 - enlarge_chunks_in_place: 1.
 - use_allocation_guard: 0.


Internal statistics:

num_allocs_failed_limit: 9.
num_arena_births: 1754.
num_arena_deaths: 14.
num_vsnodes_births: 3.
num_vsnodes_deaths: 0.
num_space_committed: 1543.
num_space_uncommitted: 0.
num_chunks_returned_to_freelist: 23.
num_chunks_taken_from_freelist: 6182.
num_chunk_merges: 9.
num_chunk_splits: 3843.
num_chunks_enlarged: 2307.
num_inconsistent_stats: 0.

CodeHeap 'non-profiled nmethods': size=119168Kb used=23521Kb max_used=23521Kb free=95646Kb
 bounds [0x000001458ace0000, 0x000001458c3e0000, 0x0000014592140000]
CodeHeap 'profiled nmethods': size=119104Kb used=46510Kb max_used=46510Kb free=72593Kb
 bounds [0x0000014583140000, 0x0000014585eb0000, 0x000001458a590000]
CodeHeap 'non-nmethods': size=7488Kb used=1534Kb max_used=3296Kb free=5953Kb
 bounds [0x000001458a590000, 0x000001458a900000, 0x000001458ace0000]
CodeCache: size=245760Kb, used=71565Kb, max_used=73327Kb, free=174192Kb
 total_blobs=19687, nmethods=18832, adapters=753, full_count=0
Compilation: enabled, stopped_count=0, restarted_count=0

Compilation events (20 events):
Event: 12034.651 Thread 0x00000145ffe3a5f0 nmethod 23213 0x0000014585e9a590 code [0x0000014585e9a7e0, 0x0000014585e9b180]
Event: 12034.651 Thread 0x00000145ffe3a5f0 23214       3       org.eclipse.core.internal.events.InternalBuilder::getCommand (14 bytes)
Event: 12034.651 Thread 0x00000145ffe3a5f0 nmethod 23214 0x0000014585e9b510 code [0x0000014585e9b760, 0x0000014585e9c0a0]
Event: 12034.651 Thread 0x00000145ffe3a5f0 23218       3       org.eclipse.core.internal.events.BuildManager::hookEndBuild (56 bytes)
Event: 12034.657 Thread 0x00000145ffe3a5f0 nmethod 23218 0x0000014585e9c410 code [0x0000014585e9c620, 0x0000014585e9ca70]
Event: 12034.693 Thread 0x00000145e25b5ca0 nmethod 23211 0x0000014585e9cc10 code [0x0000014585e9d4a0, 0x0000014585ea2390]
Event: 12141.457 Thread 0x00000145ffe3a5f0 23221       3       java.net.URI::needsNormalization (184 bytes)
Event: 12141.462 Thread 0x00000145ffe3a5f0 nmethod 23221 0x0000014585ea4e10 code [0x0000014585ea52a0, 0x0000014585ea7a78]
Event: 12141.473 Thread 0x00000145ffe3a5f0 23222       3       org.eclipse.jdt.ls.core.internal.filesystem.JLSFile::getChild (121 bytes)
Event: 12141.501 Thread 0x00000145ffe3a5f0 nmethod 23222 0x0000014585ea8990 code [0x0000014585ea8d80, 0x0000014585eaa478]
Event: 12141.501 Thread 0x00000145ffe36520 23224       4       java.io.File::<init> (111 bytes)
Event: 12141.501 Thread 0x00000145ffe3a5f0 23223       3       java.net.URI::normalize (65 bytes)
Event: 12141.502 Thread 0x00000145ffe3a5f0 nmethod 23223 0x0000014585eaad90 code [0x0000014585eab000, 0x0000014585eab658]
Event: 12141.664 Thread 0x00000145ffe36520 nmethod 23224 0x000001458c3d5590 code [0x000001458c3d57c0, 0x000001458c3d60b0]
Event: 12141.664 Thread 0x00000145ffe36520 23226       4       java.net.URI::needsNormalization (184 bytes)
Event: 12141.694 Thread 0x00000145ffe36520 nmethod 23226 0x000001458c3d6710 code [0x000001458c3d68e0, 0x000001458c3d7098]
Event: 12141.694 Thread 0x00000145ffe36520 23225       4       org.eclipse.core.internal.filesystem.local.LocalFile::hashCode (25 bytes)
Event: 12141.695 Thread 0x00000145ffe36520 nmethod 23225 0x000001458c3d7590 code [0x000001458c3d7720, 0x000001458c3d77f8]
Event: 12141.720 Thread 0x00000145ffe36520 23227       4       org.eclipse.core.internal.resources.AliasManager$LocationMap::matchingResourcesDo (87 bytes)
Event: 12141.732 Thread 0x00000145ffe36520 nmethod 23227 0x000001458c3d7910 code [0x000001458c3d7b00, 0x000001458c3d7ff8]

GC Heap History (20 events):
Event: 11739.348 GC heap before
{Heap before GC invocations=1409 (full 5):
 PSYoungGen      total 5120K, used 4944K [0x00000000d5580000, 0x00000000d5c80000, 0x0000000100000000)
  eden space 4096K, 100% used [0x00000000d5580000,0x00000000d5980000,0x00000000d5980000)
  from space 1024K, 82% used [0x00000000d5b80000,0x00000000d5c54010,0x00000000d5c80000)
  to   space 1024K, 0% used [0x00000000d5980000,0x00000000d5980000,0x00000000d5a80000)
 ParOldGen       total 920064K, used 919789K [0x0000000080000000, 0x00000000b8280000, 0x00000000d5580000)
  object space 920064K, 99% used [0x0000000080000000,0x00000000b823b748,0x00000000b8280000)
 Metaspace       used 96792K, committed 98688K, reserved 1179648K
  class space    used 10441K, committed 11264K, reserved 1048576K
}
Event: 11739.351 GC heap after
{Heap after GC invocations=1409 (full 5):
 PSYoungGen      total 5120K, used 768K [0x00000000d5580000, 0x00000000d5c00000, 0x0000000100000000)
  eden space 4096K, 0% used [0x00000000d5580000,0x00000000d5580000,0x00000000d5980000)
  from space 1024K, 75% used [0x00000000d5980000,0x00000000d5a40000,0x00000000d5a80000)
  to   space 1024K, 0% used [0x00000000d5b00000,0x00000000d5b00000,0x00000000d5c00000)
 ParOldGen       total 920576K, used 920270K [0x0000000080000000, 0x00000000b8300000, 0x00000000d5580000)
  object space 920576K, 99% used [0x0000000080000000,0x00000000b82b3b60,0x00000000b8300000)
 Metaspace       used 96792K, committed 98688K, reserved 1179648K
  class space    used 10441K, committed 11264K, reserved 1048576K
}
Event: 11739.365 GC heap before
{Heap before GC invocations=1410 (full 5):
 PSYoungGen      total 5120K, used 4863K [0x00000000d5580000, 0x00000000d5c00000, 0x0000000100000000)
  eden space 4096K, 99% used [0x00000000d5580000,0x00000000d597fff8,0x00000000d5980000)
  from space 1024K, 75% used [0x00000000d5980000,0x00000000d5a40000,0x00000000d5a80000)
  to   space 1024K, 0% used [0x00000000d5b00000,0x00000000d5b00000,0x00000000d5c00000)
 ParOldGen       total 920576K, used 920270K [0x0000000080000000, 0x00000000b8300000, 0x00000000d5580000)
  object space 920576K, 99% used [0x0000000080000000,0x00000000b82b3b60,0x00000000b8300000)
 Metaspace       used 96792K, committed 98688K, reserved 1179648K
  class space    used 10441K, committed 11264K, reserved 1048576K
}
Event: 11739.369 GC heap after
{Heap after GC invocations=1410 (full 5):
 PSYoungGen      total 5120K, used 816K [0x00000000d5580000, 0x00000000d5c00000, 0x0000000100000000)
  eden space 4096K, 0% used [0x00000000d5580000,0x00000000d5580000,0x00000000d5980000)
  from space 1024K, 79% used [0x00000000d5b00000,0x00000000d5bcc010,0x00000000d5c00000)
  to   space 1024K, 0% used [0x00000000d5980000,0x00000000d5980000,0x00000000d5a80000)
 ParOldGen       total 921088K, used 920717K [0x0000000080000000, 0x00000000b8380000, 0x00000000d5580000)
  object space 921088K, 99% used [0x0000000080000000,0x00000000b83235f0,0x00000000b8380000)
 Metaspace       used 96792K, committed 98688K, reserved 1179648K
  class space    used 10441K, committed 11264K, reserved 1048576K
}
Event: 11739.390 GC heap before
{Heap before GC invocations=1411 (full 5):
 PSYoungGen      total 5120K, used 4912K [0x00000000d5580000, 0x00000000d5c00000, 0x0000000100000000)
  eden space 4096K, 100% used [0x00000000d5580000,0x00000000d5980000,0x00000000d5980000)
  from space 1024K, 79% used [0x00000000d5b00000,0x00000000d5bcc010,0x00000000d5c00000)
  to   space 1024K, 0% used [0x00000000d5980000,0x00000000d5980000,0x00000000d5a80000)
 ParOldGen       total 921088K, used 920717K [0x0000000080000000, 0x00000000b8380000, 0x00000000d5580000)
  object space 921088K, 99% used [0x0000000080000000,0x00000000b83235f0,0x00000000b8380000)
 Metaspace       used 96792K, committed 98688K, reserved 1179648K
  class space    used 10441K, committed 11264K, reserved 1048576K
}
Event: 11739.394 GC heap after
{Heap after GC invocations=1411 (full 5):
 PSYoungGen      total 5120K, used 544K [0x00000000d5580000, 0x00000000d5b80000, 0x0000000100000000)
  eden space 4096K, 0% used [0x00000000d5580000,0x00000000d5580000,0x00000000d5980000)
  from space 1024K, 53% used [0x00000000d5980000,0x00000000d5a08000,0x00000000d5a80000)
  to   space 1024K, 0% used [0x00000000d5a80000,0x00000000d5a80000,0x00000000d5b80000)
 ParOldGen       total 921600K, used 921162K [0x0000000080000000, 0x00000000b8400000, 0x00000000d5580000)
  object space 921600K, 99% used [0x0000000080000000,0x00000000b8392800,0x00000000b8400000)
 Metaspace       used 96792K, committed 98688K, reserved 1179648K
  class space    used 10441K, committed 11264K, reserved 1048576K
}
Event: 11739.419 GC heap before
{Heap before GC invocations=1412 (full 5):
 PSYoungGen      total 5120K, used 4640K [0x00000000d5580000, 0x00000000d5b80000, 0x0000000100000000)
  eden space 4096K, 100% used [0x00000000d5580000,0x00000000d5980000,0x00000000d5980000)
  from space 1024K, 53% used [0x00000000d5980000,0x00000000d5a08000,0x00000000d5a80000)
  to   space 1024K, 0% used [0x00000000d5a80000,0x00000000d5a80000,0x00000000d5b80000)
 ParOldGen       total 921600K, used 921162K [0x0000000080000000, 0x00000000b8400000, 0x00000000d5580000)
  object space 921600K, 99% used [0x0000000080000000,0x00000000b8392800,0x00000000b8400000)
 Metaspace       used 96795K, committed 98688K, reserved 1179648K
  class space    used 10441K, committed 11264K, reserved 1048576K
}
Event: 11739.422 GC heap after
{Heap after GC invocations=1412 (full 5):
 PSYoungGen      total 5120K, used 672K [0x00000000d5580000, 0x00000000d5b80000, 0x0000000100000000)
  eden space 4096K, 0% used [0x00000000d5580000,0x00000000d5580000,0x00000000d5980000)
  from space 1024K, 65% used [0x00000000d5a80000,0x00000000d5b28000,0x00000000d5b80000)
  to   space 1024K, 0% used [0x00000000d5980000,0x00000000d5980000,0x00000000d5a80000)
 ParOldGen       total 921600K, used 921522K [0x0000000080000000, 0x00000000b8400000, 0x00000000d5580000)
  object space 921600K, 99% used [0x0000000080000000,0x00000000b83ec820,0x00000000b8400000)
 Metaspace       used 96795K, committed 98688K, reserved 1179648K
  class space    used 10441K, committed 11264K, reserved 1048576K
}
Event: 11739.670 GC heap before
{Heap before GC invocations=1413 (full 5):
 PSYoungGen      total 5120K, used 4768K [0x00000000d5580000, 0x00000000d5b80000, 0x0000000100000000)
  eden space 4096K, 100% used [0x00000000d5580000,0x00000000d5980000,0x00000000d5980000)
  from space 1024K, 65% used [0x00000000d5a80000,0x00000000d5b28000,0x00000000d5b80000)
  to   space 1024K, 0% used [0x00000000d5980000,0x00000000d5980000,0x00000000d5a80000)
 ParOldGen       total 921600K, used 921522K [0x0000000080000000, 0x00000000b8400000, 0x00000000d5580000)
  object space 921600K, 99% used [0x0000000080000000,0x00000000b83ec820,0x00000000b8400000)
 Metaspace       used 96796K, committed 98688K, reserved 1179648K
  class space    used 10441K, committed 11264K, reserved 1048576K
}
Event: 11739.709 GC heap after
{Heap after GC invocations=1413 (full 5):
 PSYoungGen      total 5120K, used 1024K [0x00000000d5580000, 0x00000000d5d80000, 0x0000000100000000)
  eden space 4096K, 0% used [0x00000000d5580000,0x00000000d5580000,0x00000000d5980000)
  from space 1024K, 100% used [0x00000000d5980000,0x00000000d5a80000,0x00000000d5a80000)
  to   space 2048K, 0% used [0x00000000d5b80000,0x00000000d5b80000,0x00000000d5d80000)
 ParOldGen       total 922112K, used 921994K [0x0000000080000000, 0x00000000b8480000, 0x00000000d5580000)
  object space 922112K, 99% used [0x0000000080000000,0x00000000b8462860,0x00000000b8480000)
 Metaspace       used 96796K, committed 98688K, reserved 1179648K
  class space    used 10441K, committed 11264K, reserved 1048576K
}
Event: 11739.983 GC heap before
{Heap before GC invocations=1414 (full 5):
 PSYoungGen      total 5120K, used 5120K [0x00000000d5580000, 0x00000000d5d80000, 0x0000000100000000)
  eden space 4096K, 100% used [0x00000000d5580000,0x00000000d5980000,0x00000000d5980000)
  from space 1024K, 100% used [0x00000000d5980000,0x00000000d5a80000,0x00000000d5a80000)
  to   space 2048K, 0% used [0x00000000d5b80000,0x00000000d5b80000,0x00000000d5d80000)
 ParOldGen       total 922112K, used 921994K [0x0000000080000000, 0x00000000b8480000, 0x00000000d5580000)
  object space 922112K, 99% used [0x0000000080000000,0x00000000b8462860,0x00000000b8480000)
 Metaspace       used 96802K, committed 98688K, reserved 1179648K
  class space    used 10441K, committed 11264K, reserved 1048576K
}
Event: 11740.028 GC heap after
{Heap after GC invocations=1414 (full 5):
 PSYoungGen      total 5120K, used 960K [0x00000000d5580000, 0x00000000d5c80000, 0x0000000100000000)
  eden space 4096K, 0% used [0x00000000d5580000,0x00000000d5580000,0x00000000d5980000)
  from space 1024K, 93% used [0x00000000d5b80000,0x00000000d5c70000,0x00000000d5c80000)
  to   space 1536K, 0% used [0x00000000d5980000,0x00000000d5980000,0x00000000d5b00000)
 ParOldGen       total 923136K, used 922712K [0x0000000080000000, 0x00000000b8580000, 0x00000000d5580000)
  object space 923136K, 99% used [0x0000000080000000,0x00000000b8516060,0x00000000b8580000)
 Metaspace       used 96802K, committed 98688K, reserved 1179648K
  class space    used 10441K, committed 11264K, reserved 1048576K
}
Event: 11740.358 GC heap before
{Heap before GC invocations=1415 (full 5):
 PSYoungGen      total 5120K, used 5056K [0x00000000d5580000, 0x00000000d5c80000, 0x0000000100000000)
  eden space 4096K, 100% used [0x00000000d5580000,0x00000000d5980000,0x00000000d5980000)
  from space 1024K, 93% used [0x00000000d5b80000,0x00000000d5c70000,0x00000000d5c80000)
  to   space 1536K, 0% used [0x00000000d5980000,0x00000000d5980000,0x00000000d5b00000)
 ParOldGen       total 923136K, used 922712K [0x0000000080000000, 0x00000000b8580000, 0x00000000d5580000)
  object space 923136K, 99% used [0x0000000080000000,0x00000000b8516060,0x00000000b8580000)
 Metaspace       used 96804K, committed 98688K, reserved 1179648K
  class space    used 10441K, committed 11264K, reserved 1048576K
}
Event: 11740.367 GC heap after
{Heap after GC invocations=1415 (full 5):
 PSYoungGen      total 5632K, used 1120K [0x00000000d5580000, 0x00000000d5c80000, 0x0000000100000000)
  eden space 4096K, 0% used [0x00000000d5580000,0x00000000d5580000,0x00000000d5980000)
  from space 1536K, 72% used [0x00000000d5980000,0x00000000d5a98000,0x00000000d5b00000)
  to   space 1536K, 0% used [0x00000000d5b00000,0x00000000d5b00000,0x00000000d5c80000)
 ParOldGen       total 923648K, used 923284K [0x0000000080000000, 0x00000000b8600000, 0x00000000d5580000)
  object space 923648K, 99% used [0x0000000080000000,0x00000000b85a5070,0x00000000b8600000)
 Metaspace       used 96804K, committed 98688K, reserved 1179648K
  class space    used 10441K, committed 11264K, reserved 1048576K
}
Event: 11740.409 GC heap before
{Heap before GC invocations=1416 (full 5):
 PSYoungGen      total 5632K, used 5216K [0x00000000d5580000, 0x00000000d5c80000, 0x0000000100000000)
  eden space 4096K, 100% used [0x00000000d5580000,0x00000000d5980000,0x00000000d5980000)
  from space 1536K, 72% used [0x00000000d5980000,0x00000000d5a98000,0x00000000d5b00000)
  to   space 1536K, 0% used [0x00000000d5b00000,0x00000000d5b00000,0x00000000d5c80000)
 ParOldGen       total 923648K, used 923284K [0x0000000080000000, 0x00000000b8600000, 0x00000000d5580000)
  object space 923648K, 99% used [0x0000000080000000,0x00000000b85a5070,0x00000000b8600000)
 Metaspace       used 96805K, committed 98688K, reserved 1179648K
  class space    used 10441K, committed 11264K, reserved 1048576K
}
Event: 11740.517 GC heap after
{Heap after GC invocations=1416 (full 5):
 PSYoungGen      total 5632K, used 992K [0x00000000d5580000, 0x00000000d5d80000, 0x0000000100000000)
  eden space 4096K, 0% used [0x00000000d5580000,0x00000000d5580000,0x00000000d5980000)
  from space 1536K, 64% used [0x00000000d5b00000,0x00000000d5bf8000,0x00000000d5c80000)
  to   space 1536K, 0% used [0x00000000d5980000,0x00000000d5980000,0x00000000d5b00000)
 ParOldGen       total 924160K, used 924111K [0x0000000080000000, 0x00000000b8680000, 0x00000000d5580000)
  object space 924160K, 99% used [0x0000000080000000,0x00000000b8673d48,0x00000000b8680000)
 Metaspace       used 96805K, committed 98688K, reserved 1179648K
  class space    used 10441K, committed 11264K, reserved 1048576K
}
Event: 11740.780 GC heap before
{Heap before GC invocations=1417 (full 5):
 PSYoungGen      total 5632K, used 5088K [0x00000000d5580000, 0x00000000d5d80000, 0x0000000100000000)
  eden space 4096K, 100% used [0x00000000d5580000,0x00000000d5980000,0x00000000d5980000)
  from space 1536K, 64% used [0x00000000d5b00000,0x00000000d5bf8000,0x00000000d5c80000)
  to   space 1536K, 0% used [0x00000000d5980000,0x00000000d5980000,0x00000000d5b00000)
 ParOldGen       total 924160K, used 924111K [0x0000000080000000, 0x00000000b8680000, 0x00000000d5580000)
  object space 924160K, 99% used [0x0000000080000000,0x00000000b8673d48,0x00000000b8680000)
 Metaspace       used 96808K, committed 98688K, reserved 1179648K
  class space    used 10441K, committed 11264K, reserved 1048576K
}
Event: 11740.910 GC heap after
{Heap after GC invocations=1417 (full 5):
 PSYoungGen      total 5632K, used 672K [0x00000000d5580000, 0x00000000d5c80000, 0x0000000100000000)
  eden space 4096K, 0% used [0x00000000d5580000,0x00000000d5580000,0x00000000d5980000)
  from space 1536K, 43% used [0x00000000d5980000,0x00000000d5a28000,0x00000000d5b00000)
  to   space 1024K, 0% used [0x00000000d5b80000,0x00000000d5b80000,0x00000000d5c80000)
 ParOldGen       total 925184K, used 924768K [0x0000000080000000, 0x00000000b8780000, 0x00000000d5580000)
  object space 925184K, 99% used [0x0000000080000000,0x00000000b8718178,0x00000000b8780000)
 Metaspace       used 96808K, committed 98688K, reserved 1179648K
  class space    used 10441K, committed 11264K, reserved 1048576K
}
Event: 12141.506 GC heap before
{Heap before GC invocations=1418 (full 5):
 PSYoungGen      total 5632K, used 4768K [0x00000000d5580000, 0x00000000d5c80000, 0x0000000100000000)
  eden space 4096K, 100% used [0x00000000d5580000,0x00000000d5980000,0x00000000d5980000)
  from space 1536K, 43% used [0x00000000d5980000,0x00000000d5a28000,0x00000000d5b00000)
  to   space 1024K, 0% used [0x00000000d5b80000,0x00000000d5b80000,0x00000000d5c80000)
 ParOldGen       total 925184K, used 924768K [0x0000000080000000, 0x00000000b8780000, 0x00000000d5580000)
  object space 925184K, 99% used [0x0000000080000000,0x00000000b8718178,0x00000000b8780000)
 Metaspace       used 96831K, committed 98752K, reserved 1179648K
  class space    used 10441K, committed 11264K, reserved 1048576K
}
Event: 12141.639 GC heap after
{Heap after GC invocations=1418 (full 5):
 PSYoungGen      total 6144K, used 384K [0x00000000d5580000, 0x00000000d5c80000, 0x0000000100000000)
  eden space 5120K, 0% used [0x00000000d5580000,0x00000000d5580000,0x00000000d5a80000)
  from space 1024K, 37% used [0x00000000d5b80000,0x00000000d5be0000,0x00000000d5c80000)
  to   space 1024K, 0% used [0x00000000d5a80000,0x00000000d5a80000,0x00000000d5b80000)
 ParOldGen       total 925184K, used 924979K [0x0000000080000000, 0x00000000b8780000, 0x00000000d5580000)
  object space 925184K, 99% used [0x0000000080000000,0x00000000b874ce88,0x00000000b8780000)
 Metaspace       used 96831K, committed 98752K, reserved 1179648K
  class space    used 10441K, committed 11264K, reserved 1048576K
}

Dll operation events (15 events):
Event: 0.006 Loaded shared library c:\Users\USER\.antigravity-ide\extensions\redhat.java-1.55.0-win32-x64\jre\21.0.11-win32-x86_64\bin\java.dll
Event: 0.049 Loaded shared library c:\Users\USER\.antigravity-ide\extensions\redhat.java-1.55.0-win32-x64\jre\21.0.11-win32-x86_64\bin\zip.dll
Event: 0.063 Loaded shared library C:\Users\USER\.antigravity-ide\extensions\redhat.java-1.55.0-win32-x64\jre\21.0.11-win32-x86_64\bin\instrument.dll
Event: 0.066 Loaded shared library C:\Users\USER\.antigravity-ide\extensions\redhat.java-1.55.0-win32-x64\jre\21.0.11-win32-x86_64\bin\net.dll
Event: 0.069 Loaded shared library C:\Users\USER\.antigravity-ide\extensions\redhat.java-1.55.0-win32-x64\jre\21.0.11-win32-x86_64\bin\nio.dll
Event: 0.071 Loaded shared library C:\Users\USER\.antigravity-ide\extensions\redhat.java-1.55.0-win32-x64\jre\21.0.11-win32-x86_64\bin\zip.dll
Event: 0.084 Loaded shared library C:\Users\USER\.antigravity-ide\extensions\redhat.java-1.55.0-win32-x64\jre\21.0.11-win32-x86_64\bin\jimage.dll
Event: 0.134 Loaded shared library c:\Users\USER\.antigravity-ide\extensions\redhat.java-1.55.0-win32-x64\jre\21.0.11-win32-x86_64\bin\verify.dll
Event: 4.647 Loaded shared library C:\Users\USER\AppData\Roaming\Antigravity IDE\User\globalStorage\redhat.java\1.55.0\config_win\org.eclipse.equinox.launcher\org.eclipse.equinox.launcher.win32.win32.x86_64_1.3.100.v20260613-0559\eclipse_11924.dll
Event: 13.478 Loaded shared library C:\Users\USER\AppData\Local\Temp\jna-2614219\jna11079583327157015633.dll
Event: 14.456 Loaded shared library C:\Users\USER\.antigravity-ide\extensions\redhat.java-1.55.0-win32-x64\jre\21.0.11-win32-x86_64\bin\sunmscapi.dll
Event: 14.795 Loaded shared library C:\Users\USER\.antigravity-ide\extensions\redhat.java-1.55.0-win32-x64\jre\21.0.11-win32-x86_64\bin\extnet.dll
Event: 17.377 Loaded shared library C:\Users\USER\.gradle\native\660c5614fbf4a5f2a75b1949f50a0caf5cd603558e7d8a26e50b933a0cfb79d1\windows-amd64\native-platform.dll
Event: 18.047 Loaded shared library C:\Users\USER\.antigravity-ide\extensions\redhat.java-1.55.0-win32-x64\jre\21.0.11-win32-x86_64\bin\management.dll
Event: 18.073 Loaded shared library C:\Users\USER\.antigravity-ide\extensions\redhat.java-1.55.0-win32-x64\jre\21.0.11-win32-x86_64\bin\management_ext.dll

Deoptimization events (20 events):
Event: 12141.476 Thread 0x00000145e297f790 DEOPT PACKING pc=0x0000014585ea7841 sp=0x000000432c1fed50
Event: 12141.476 Thread 0x00000145e297f790 DEOPT UNPACKING pc=0x000001458a5e4242 sp=0x000000432c1fe238 mode 0
Event: 12141.485 Thread 0x00000145e297f790 DEOPT PACKING pc=0x0000014585ea7841 sp=0x000000432c1fed50
Event: 12141.485 Thread 0x00000145e297f790 DEOPT UNPACKING pc=0x000001458a5e4242 sp=0x000000432c1fe238 mode 0
Event: 12141.493 Thread 0x00000145e297f790 DEOPT PACKING pc=0x0000014585ea7841 sp=0x000000432c1fec30
Event: 12141.493 Thread 0x00000145e297f790 DEOPT UNPACKING pc=0x000001458a5e4242 sp=0x000000432c1fe118 mode 0
Event: 12141.642 Thread 0x00000145e297f790 DEOPT PACKING pc=0x0000014585ea7841 sp=0x000000432c1fec20
Event: 12141.642 Thread 0x00000145e297f790 DEOPT UNPACKING pc=0x000001458a5e4242 sp=0x000000432c1fe100 mode 0
Event: 12141.650 Thread 0x00000145e297f790 DEOPT PACKING pc=0x0000014585ea7841 sp=0x000000432c1fec20
Event: 12141.650 Thread 0x00000145e297f790 DEOPT UNPACKING pc=0x000001458a5e4242 sp=0x000000432c1fe100 mode 0
Event: 12141.658 Thread 0x00000145e297f790 DEOPT PACKING pc=0x0000014585ea7841 sp=0x000000432c1fec20
Event: 12141.658 Thread 0x00000145e297f790 DEOPT UNPACKING pc=0x000001458a5e4242 sp=0x000000432c1fe100 mode 0
Event: 12141.665 Thread 0x00000145e297f790 DEOPT PACKING pc=0x0000014585ea7841 sp=0x000000432c1fed40
Event: 12141.665 Thread 0x00000145e297f790 DEOPT UNPACKING pc=0x000001458a5e4242 sp=0x000000432c1fe220 mode 0
Event: 12141.670 Thread 0x00000145e297f790 DEOPT PACKING pc=0x0000014585ea7841 sp=0x000000432c1fed40
Event: 12141.670 Thread 0x00000145e297f790 DEOPT UNPACKING pc=0x000001458a5e4242 sp=0x000000432c1fe220 mode 0
Event: 12141.682 Thread 0x00000145e297f790 DEOPT PACKING pc=0x0000014585ea7841 sp=0x000000432c1fec20
Event: 12141.682 Thread 0x00000145e297f790 DEOPT UNPACKING pc=0x000001458a5e4242 sp=0x000000432c1fe100 mode 0
Event: 12141.691 Thread 0x00000145e297f790 DEOPT PACKING pc=0x0000014585ea7841 sp=0x000000432c1fec20
Event: 12141.691 Thread 0x00000145e297f790 DEOPT UNPACKING pc=0x000001458a5e4242 sp=0x000000432c1fe100 mode 0

Classes loaded (20 events):
Event: 5216.224 Loading class java/util/regex/Pattern$Behind
Event: 5216.225 Loading class java/util/regex/Pattern$Behind done
Event: 5216.227 Loading class java/util/regex/Pattern$Neg
Event: 5216.227 Loading class java/util/regex/Pattern$Neg done
Event: 5217.540 Loading class java/util/stream/ReduceOps$5
Event: 5217.554 Loading class java/util/stream/ReduceOps$5 done
Event: 5217.554 Loading class java/util/stream/ReduceOps$CountingSink$OfRef
Event: 5217.555 Loading class java/util/stream/ReduceOps$CountingSink
Event: 5217.557 Loading class java/util/stream/ReduceOps$CountingSink done
Event: 5217.557 Loading class java/util/stream/ReduceOps$CountingSink$OfRef done
Event: 5808.785 Loading class jdk/internal/ref/CleanerImpl$InnocuousThreadFactory
Event: 5808.786 Loading class jdk/internal/ref/CleanerImpl$InnocuousThreadFactory done
Event: 5817.606 Loading class java/util/function/IntPredicate
Event: 5817.606 Loading class java/util/function/IntPredicate done
Event: 5817.629 Loading class java/util/regex/Pattern$Bound
Event: 5817.636 Loading class java/util/regex/Pattern$Bound done
Event: 8246.898 Loading class java/util/concurrent/ConcurrentHashMap$TreeNode
Event: 8246.900 Loading class java/util/concurrent/ConcurrentHashMap$TreeNode done
Event: 8246.901 Loading class java/util/concurrent/ConcurrentHashMap$TreeBin
Event: 8246.902 Loading class java/util/concurrent/ConcurrentHashMap$TreeBin done

Classes unloaded (7 events):
Event: 13.836 Thread 0x00000145969d4500 Unloading class 0x00000145981ad400 'java/lang/invoke/LambdaForm$MH+0x00000145981ad400'
Event: 13.836 Thread 0x00000145969d4500 Unloading class 0x00000145981ad000 'java/lang/invoke/LambdaForm$MH+0x00000145981ad000'
Event: 13.836 Thread 0x00000145969d4500 Unloading class 0x00000145981acc00 'java/lang/invoke/LambdaForm$MH+0x00000145981acc00'
Event: 13.836 Thread 0x00000145969d4500 Unloading class 0x00000145981ac800 'java/lang/invoke/LambdaForm$MH+0x00000145981ac800'
Event: 13.836 Thread 0x00000145969d4500 Unloading class 0x00000145981ac400 'java/lang/invoke/LambdaForm$BMH+0x00000145981ac400'
Event: 13.836 Thread 0x00000145969d4500 Unloading class 0x00000145981ac000 'java/lang/invoke/LambdaForm$DMH+0x00000145981ac000'
Event: 13.836 Thread 0x00000145969d4500 Unloading class 0x00000145981aac00 'java/lang/invoke/LambdaForm$DMH+0x00000145981aac00'

Classes redefined (0 events):
No events

Internal exceptions (20 events):
Event: 11734.763 Thread 0x00000145e01b9f70 Exception <a 'sun/nio/fs/WindowsException'{0x00000000d55805c0}> (0x00000000d55805c0) 
thrown [s\src\hotspot\share\prims\jni.cpp, line 520]
Event: 11736.247 Thread 0x00000145e247ada0 Implicit null exception at 0x000001458aeda048 to 0x000001458aedcb90
Event: 11736.949 Thread 0x00000145e247ada0 Implicit null exception at 0x000001458c10e4a9 to 0x000001458c110703
Event: 11736.949 Thread 0x00000145e01b9f70 Implicit null exception at 0x000001458c10e4a9 to 0x000001458c110703
Event: 11736.951 Thread 0x00000145e247ada0 Implicit null exception at 0x000001458c10e4a9 to 0x000001458c110703
Event: 11736.951 Thread 0x00000145e01b9f70 Implicit null exception at 0x000001458c10e4a9 to 0x000001458c110703
Event: 12034.099 Thread 0x00000145e24799f0 Exception <a 'sun/nio/fs/WindowsException'{0x00000000d5781aa8}> (0x00000000d5781aa8) 
thrown [s\src\hotspot\share\prims\jni.cpp, line 520]
Event: 12034.107 Thread 0x00000145e24799f0 Exception <a 'sun/nio/fs/WindowsException'{0x00000000d5782390}> (0x00000000d5782390) 
thrown [s\src\hotspot\share\prims\jni.cpp, line 520]
Event: 12034.124 Thread 0x00000145e24799f0 Exception <a 'sun/nio/fs/WindowsException'{0x00000000d578fc10}> (0x00000000d578fc10) 
thrown [s\src\hotspot\share\prims\jni.cpp, line 520]
Event: 12034.124 Thread 0x00000145e24799f0 Exception <a 'sun/nio/fs/WindowsException'{0x00000000d57904d8}> (0x00000000d57904d8) 
thrown [s\src\hotspot\share\prims\jni.cpp, line 520]
Event: 12034.128 Thread 0x00000145e24799f0 Exception <a 'sun/nio/fs/WindowsException'{0x00000000d5797698}> (0x00000000d5797698) 
thrown [s\src\hotspot\share\prims\jni.cpp, line 520]
Event: 12034.128 Thread 0x00000145e24799f0 Exception <a 'sun/nio/fs/WindowsException'{0x00000000d57981a0}> (0x00000000d57981a0) 
thrown [s\src\hotspot\share\prims\jni.cpp, line 520]
Event: 12034.150 Thread 0x00000145e24799f0 Exception <a 'sun/nio/fs/WindowsException'{0x00000000d57a8448}> (0x00000000d57a8448) 
thrown [s\src\hotspot\share\prims\jni.cpp, line 520]
Event: 12034.150 Thread 0x00000145e24799f0 Exception <a 'sun/nio/fs/WindowsException'{0x00000000d57a8d10}> (0x00000000d57a8d10) 
thrown [s\src\hotspot\share\prims\jni.cpp, line 520]
Event: 12034.157 Thread 0x00000145e24799f0 Exception <a 'sun/nio/fs/WindowsException'{0x00000000d57aa490}> (0x00000000d57aa490) 
thrown [s\src\hotspot\share\prims\jni.cpp, line 520]
Event: 12034.157 Thread 0x00000145e24799f0 Exception <a 'sun/nio/fs/WindowsException'{0x00000000d57aafa0}> (0x00000000d57aafa0) 
thrown [s\src\hotspot\share\prims\jni.cpp, line 520]
Event: 12034.160 Thread 0x00000145e24799f0 Exception <a 'sun/nio/fs/WindowsException'{0x00000000d57b5580}> (0x00000000d57b5580) 
thrown [s\src\hotspot\share\prims\jni.cpp, line 520]
Event: 12034.160 Thread 0x00000145e24799f0 Exception <a 'sun/nio/fs/WindowsException'{0x00000000d57b6090}> (0x00000000d57b6090) 
thrown [s\src\hotspot\share\prims\jni.cpp, line 520]
Event: 12034.164 Thread 0x00000145e24799f0 Exception <a 'sun/nio/fs/WindowsException'{0x00000000d57b8c38}> (0x00000000d57b8c38) 
thrown [s\src\hotspot\share\prims\jni.cpp, line 520]
Event: 12034.164 Thread 0x00000145e24799f0 Exception <a 'sun/nio/fs/WindowsException'{0x00000000d57b9500}> (0x00000000d57b9500) 
thrown [s\src\hotspot\share\prims\jni.cpp, line 520]

ZGC Phase Switch (0 events):
No events

VM Operations (20 events):
Event: 11740.367 Executing safepoint VM operation: ParallelGCFailedAllocation (Allocation Failure) done
Event: 11740.409 Executing safepoint VM operation: ParallelGCFailedAllocation (Allocation Failure)
Event: 11740.517 Executing safepoint VM operation: ParallelGCFailedAllocation (Allocation Failure) done
Event: 11740.754 Executing safepoint VM operation: ParallelGCFailedAllocation (Allocation Failure)
Event: 11740.910 Executing safepoint VM operation: ParallelGCFailedAllocation (Allocation Failure) done
Event: 11741.916 Executing safepoint VM operation: Cleanup
Event: 11741.916 Executing safepoint VM operation: Cleanup done
Event: 11743.735 Executing non-safepoint VM operation: HandshakeAllThreads (HandshakeForDeflation)
Event: 11743.735 Executing non-safepoint VM operation: HandshakeAllThreads (HandshakeForDeflation) done
Event: 11743.735 Executing non-safepoint VM operation: RendezvousGCThreads
Event: 11743.735 Executing non-safepoint VM operation: RendezvousGCThreads done
Event: 12035.281 Executing safepoint VM operation: Cleanup
Event: 12035.286 Executing safepoint VM operation: Cleanup done
Event: 12044.773 Executing non-safepoint VM operation: HandshakeAllThreads (HandshakeForDeflation)
Event: 12044.773 Executing non-safepoint VM operation: HandshakeAllThreads (HandshakeForDeflation) done
Event: 12044.773 Executing non-safepoint VM operation: RendezvousGCThreads
Event: 12044.773 Executing non-safepoint VM operation: RendezvousGCThreads done
Event: 12141.506 Executing safepoint VM operation: ParallelGCFailedAllocation (Allocation Failure)
Event: 12141.639 Executing safepoint VM operation: ParallelGCFailedAllocation (Allocation Failure) done
Event: 12142.647 Executing safepoint VM operation: Cleanup

Memory protections (0 events):
No events

Nmethod flushes (20 events):
Event: 647.396 Thread 0x00000145969d4500 flushing  nmethod 0x000001458541b710
Event: 647.396 Thread 0x00000145969d4500 flushing  nmethod 0x000001458541d690
Event: 647.396 Thread 0x00000145969d4500 flushing  nmethod 0x000001458541ec10
Event: 647.396 Thread 0x00000145969d4500 flushing  nmethod 0x0000014585422490
Event: 647.396 Thread 0x00000145969d4500 flushing  nmethod 0x000001458543e210
Event: 647.396 Thread 0x00000145969d4500 flushing  nmethod 0x000001458543fa90
Event: 647.396 Thread 0x00000145969d4500 flushing  nmethod 0x0000014585441390
Event: 647.396 Thread 0x00000145969d4500 flushing  nmethod 0x0000014585445890
Event: 647.396 Thread 0x00000145969d4500 flushing  nmethod 0x0000014585445c10
Event: 647.396 Thread 0x00000145969d4500 flushing  nmethod 0x000001458545d910
Event: 647.396 Thread 0x00000145969d4500 flushing  nmethod 0x00000145854b6910
Event: 647.396 Thread 0x00000145969d4500 flushing  nmethod 0x00000145854b8490
Event: 647.396 Thread 0x00000145969d4500 flushing  nmethod 0x00000145854bb490
Event: 647.396 Thread 0x00000145969d4500 flushing  nmethod 0x0000014585542110
Event: 647.396 Thread 0x00000145969d4500 flushing  nmethod 0x0000014585568a10
Event: 647.396 Thread 0x00000145969d4500 flushing  nmethod 0x000001458559c390
Event: 647.396 Thread 0x00000145969d4500 flushing  nmethod 0x00000145855a1a90
Event: 647.396 Thread 0x00000145969d4500 flushing  nmethod 0x00000145855a2710
Event: 647.396 Thread 0x00000145969d4500 flushing  nmethod 0x00000145855a2f10
Event: 647.396 Thread 0x00000145969d4500 flushing  nmethod 0x00000145855a3490

Events (20 events):
Event: 12034.229 Thread 0x00000145e24802f0 Thread exited: 0x00000145e24802f0
Event: 12034.229 Thread 0x00000145e247ada0 Thread exited: 0x00000145e247ada0
Event: 12034.229 Thread 0x00000145e247db90 Thread exited: 0x00000145e247db90
Event: 12034.229 Thread 0x00000145e247e220 Thread exited: 0x00000145e247e220
Event: 12034.602 Thread 0x00000145ffe3a5f0 Thread added: 0x00000145e25b5ca0
Event: 12035.843 Thread 0x00000145e58c57d0 Thread exited: 0x00000145e58c57d0
Event: 12035.843 Thread 0x00000145e58c0fa0 Thread exited: 0x00000145e58c0fa0
Event: 12035.843 Thread 0x00000145e58c64f0 Thread exited: 0x00000145e58c64f0
Event: 12035.845 Thread 0x00000145e58c85c0 Thread exited: 0x00000145e58c85c0
Event: 12035.845 Thread 0x00000145e58c29e0 Thread exited: 0x00000145e58c29e0
Event: 12035.845 Thread 0x00000145e58c5e60 Thread exited: 0x00000145e58c5e60
Event: 12035.883 Thread 0x00000145e58c2350 Thread exited: 0x00000145e58c2350
Event: 12036.077 Thread 0x00000145e472c1f0 Thread exited: 0x00000145e472c1f0
Event: 12037.842 Thread 0x00000145e247b430 Thread exited: 0x00000145e247b430
Event: 12038.343 Thread 0x00000145e247c150 Thread exited: 0x00000145e247c150
Event: 12038.343 Thread 0x00000145e247d500 Thread exited: 0x00000145e247d500
Event: 12039.695 Thread 0x00000145e25b5ca0 Thread exited: 0x00000145e25b5ca0
Event: 12040.320 Thread 0x00000145e247a080 Thread exited: 0x00000145e247a080
Event: 12040.320 Thread 0x00000145e247fc60 Thread exited: 0x00000145e247fc60
Event: 12040.320 Thread 0x00000145e2481010 Thread exited: 0x00000145e2481010


Dynamic libraries:
0x00007ff734ff0000 - 0x00007ff734ffe000 	c:\Users\USER\.antigravity-ide\extensions\redhat.java-1.55.0-win32-x64\jre\21.0.11-win32-x86_64\bin\java.exe
0x00007ffc98580000 - 0x00007ffc987e6000 	C:\WINDOWS\SYSTEM32\ntdll.dll
0x00007ffc976b0000 - 0x00007ffc97779000 	C:\WINDOWS\System32\KERNEL32.DLL
0x00007ffc95d50000 - 0x00007ffc96150000 	C:\WINDOWS\System32\KERNELBASE.dll
0x00007ffc957a0000 - 0x00007ffc958ec000 	C:\WINDOWS\System32\ucrtbase.dll
0x00007ffc6b700000 - 0x00007ffc6b71e000 	c:\Users\USER\.antigravity-ide\extensions\redhat.java-1.55.0-win32-x64\jre\21.0.11-win32-x86_64\bin\VCRUNTIME140.dll
0x00007ffc68510000 - 0x00007ffc68528000 	c:\Users\USER\.antigravity-ide\extensions\redhat.java-1.55.0-win32-x64\jre\21.0.11-win32-x86_64\bin\jli.dll
0x00007ffc96340000 - 0x00007ffc96507000 	C:\WINDOWS\System32\USER32.dll
0x00007ffc7b1e0000 - 0x00007ffc7b472000 	C:\WINDOWS\WinSxS\amd64_microsoft.windows.common-controls_6595b64144ccf1df_6.0.26100.8737_none_3e092eaee333b772\COMCTL32.dll
0x00007ffc95900000 - 0x00007ffc95927000 	C:\WINDOWS\System32\win32u.dll
0x00007ffc96510000 - 0x00007ffc965b9000 	C:\WINDOWS\System32\msvcrt.dll
0x00007ffc96b90000 - 0x00007ffc96bbb000 	C:\WINDOWS\System32\GDI32.dll
0x00007ffc95c20000 - 0x00007ffc95d49000 	C:\WINDOWS\System32\gdi32full.dll
0x00007ffc959f0000 - 0x00007ffc95a93000 	C:\WINDOWS\System32\msvcp_win.dll
0x00007ffc96a50000 - 0x00007ffc96a82000 	C:\WINDOWS\System32\IMM32.DLL
0x00007ffc92020000 - 0x00007ffc9202c000 	c:\Users\USER\.antigravity-ide\extensions\redhat.java-1.55.0-win32-x64\jre\21.0.11-win32-x86_64\bin\vcruntime140_1.dll
0x00007ffc1bfe0000 - 0x00007ffc1c06d000 	c:\Users\USER\.antigravity-ide\extensions\redhat.java-1.55.0-win32-x64\jre\21.0.11-win32-x86_64\bin\msvcp140.dll
0x00007ffbb8ff0000 - 0x00007ffbb9d92000 	c:\Users\USER\.antigravity-ide\extensions\redhat.java-1.55.0-win32-x64\jre\21.0.11-win32-x86_64\bin\server\jvm.dll
0x00007ffc975f0000 - 0x00007ffc976a7000 	C:\WINDOWS\System32\ADVAPI32.dll
0x00007ffc98480000 - 0x00007ffc9852a000 	C:\WINDOWS\System32\sechost.dll
0x00007ffc98020000 - 0x00007ffc98138000 	C:\WINDOWS\System32\RPCRT4.dll
0x00007ffc96bc0000 - 0x00007ffc96c40000 	C:\WINDOWS\System32\WS2_32.dll
0x00007ffc95600000 - 0x00007ffc9565e000 	C:\WINDOWS\SYSTEM32\POWRPROF.dll
0x00007ffc8a680000 - 0x00007ffc8a6b6000 	C:\WINDOWS\SYSTEM32\WINMM.dll
0x00007ffc84b70000 - 0x00007ffc84b7b000 	C:\WINDOWS\SYSTEM32\VERSION.dll
0x00007ffc955d0000 - 0x00007ffc955e4000 	C:\WINDOWS\SYSTEM32\UMPDC.dll
0x00007ffc94480000 - 0x00007ffc9449b000 	C:\WINDOWS\SYSTEM32\kernel.appcore.dll
0x00007ffc8d310000 - 0x00007ffc8d31a000 	c:\Users\USER\.antigravity-ide\extensions\redhat.java-1.55.0-win32-x64\jre\21.0.11-win32-x86_64\bin\jimage.dll
0x00007ffc92960000 - 0x00007ffc92ba2000 	C:\WINDOWS\SYSTEM32\DBGHELP.DLL
0x00007ffc96cd0000 - 0x00007ffc97053000 	C:\WINDOWS\System32\combase.dll
0x00007ffc983a0000 - 0x00007ffc98479000 	C:\WINDOWS\System32\OLEAUT32.dll
0x00007ffc76180000 - 0x00007ffc761bb000 	C:\WINDOWS\SYSTEM32\dbgcore.DLL
0x00007ffc961f0000 - 0x00007ffc9629c000 	C:\WINDOWS\System32\bcryptPrimitives.dll
0x00007ffc83990000 - 0x00007ffc8399f000 	c:\Users\USER\.antigravity-ide\extensions\redhat.java-1.55.0-win32-x64\jre\21.0.11-win32-x86_64\bin\instrument.dll
0x00007ffc54620000 - 0x00007ffc54640000 	c:\Users\USER\.antigravity-ide\extensions\redhat.java-1.55.0-win32-x64\jre\21.0.11-win32-x86_64\bin\java.dll
0x00007ffc97860000 - 0x00007ffc97ff2000 	C:\WINDOWS\System32\SHELL32.dll
0x00007ffc93220000 - 0x00007ffc93ab2000 	C:\WINDOWS\SYSTEM32\windows.storage.dll
0x00007ffc96a90000 - 0x00007ffc96b87000 	C:\WINDOWS\System32\SHCORE.dll
0x00007ffc970f0000 - 0x00007ffc97157000 	C:\WINDOWS\System32\shlwapi.dll
0x00007ffc956c0000 - 0x00007ffc956e9000 	C:\WINDOWS\SYSTEM32\profapi.dll
0x00007ffc450f0000 - 0x00007ffc45108000 	c:\Users\USER\.antigravity-ide\extensions\redhat.java-1.55.0-win32-x64\jre\21.0.11-win32-x86_64\bin\zip.dll
0x00007ffc83520000 - 0x00007ffc83530000 	C:\Users\USER\.antigravity-ide\extensions\redhat.java-1.55.0-win32-x64\jre\21.0.11-win32-x86_64\bin\net.dll
0x00007ffc8a550000 - 0x00007ffc8a679000 	C:\WINDOWS\SYSTEM32\WINHTTP.dll
0x00007ffc94a30000 - 0x00007ffc94a9c000 	C:\WINDOWS\system32\mswsock.dll
0x00007ffc42a30000 - 0x00007ffc42a46000 	C:\Users\USER\.antigravity-ide\extensions\redhat.java-1.55.0-win32-x64\jre\21.0.11-win32-x86_64\bin\nio.dll
0x00007ffc833d0000 - 0x00007ffc833e0000 	c:\Users\USER\.antigravity-ide\extensions\redhat.java-1.55.0-win32-x64\jre\21.0.11-win32-x86_64\bin\verify.dll
0x00007ffc1d750000 - 0x00007ffc1d795000 	C:\Users\USER\AppData\Roaming\Antigravity IDE\User\globalStorage\redhat.java\1.55.0\config_win\org.eclipse.equinox.launcher\org.eclipse.equinox.launcher.win32.win32.x86_64_1.3.100.v20260613-0559\eclipse_11924.dll
0x00007ffc966c0000 - 0x00007ffc96859000 	C:\WINDOWS\System32\ole32.dll
0x00007ffc94d30000 - 0x00007ffc94d4b000 	C:\WINDOWS\SYSTEM32\CRYPTSP.dll
0x00007ffc943e0000 - 0x00007ffc94419000 	C:\WINDOWS\system32\rsaenh.dll
0x00007ffc94af0000 - 0x00007ffc94b22000 	C:\WINDOWS\SYSTEM32\USERENV.dll
0x00007ffc95690000 - 0x00007ffc956ba000 	C:\WINDOWS\SYSTEM32\bcrypt.dll
0x00007ffc94d50000 - 0x00007ffc94d5c000 	C:\WINDOWS\SYSTEM32\CRYPTBASE.dll
0x00007ffc93e80000 - 0x00007ffc93eb3000 	C:\WINDOWS\SYSTEM32\IPHLPAPI.DLL
0x00007ffc98530000 - 0x00007ffc9853a000 	C:\WINDOWS\System32\NSI.dll
0x00007ffc1bbb0000 - 0x00007ffc1bbf9000 	C:\Users\USER\AppData\Local\Temp\jna-2614219\jna11079583327157015633.dll
0x00007ffc97850000 - 0x00007ffc97858000 	C:\WINDOWS\System32\PSAPI.DLL
0x00007ffc8c4c0000 - 0x00007ffc8c4dd000 	C:\WINDOWS\SYSTEM32\dhcpcsvc6.DLL
0x00007ffc8c080000 - 0x00007ffc8c0a5000 	C:\WINDOWS\SYSTEM32\dhcpcsvc.DLL
0x00007ffc78240000 - 0x00007ffc7824e000 	C:\Users\USER\.antigravity-ide\extensions\redhat.java-1.55.0-win32-x64\jre\21.0.11-win32-x86_64\bin\sunmscapi.dll
0x00007ffc95aa0000 - 0x00007ffc95c18000 	C:\WINDOWS\System32\CRYPT32.dll
0x00007ffc94f70000 - 0x00007ffc94fa0000 	C:\WINDOWS\SYSTEM32\ncrypt.dll
0x00007ffc94f20000 - 0x00007ffc94f5f000 	C:\WINDOWS\SYSTEM32\NTASN1.dll
0x00007ffc93f20000 - 0x00007ffc94075000 	C:\WINDOWS\SYSTEM32\DNSAPI.dll
0x00007ffc94810000 - 0x00007ffc9481d000 	C:\WINDOWS\SYSTEM32\DSPARSE.dll
0x00007ffc89df0000 - 0x00007ffc89dfb000 	C:\Windows\System32\rasadhlp.dll
0x00007ffc8c8c0000 - 0x00007ffc8c946000 	C:\WINDOWS\System32\fwpuclnt.dll
0x00007ffc75690000 - 0x00007ffc75699000 	C:\Users\USER\.antigravity-ide\extensions\redhat.java-1.55.0-win32-x64\jre\21.0.11-win32-x86_64\bin\extnet.dll
0x00007ffc41500000 - 0x00007ffc41527000 	C:\Users\USER\.gradle\native\660c5614fbf4a5f2a75b1949f50a0caf5cd603558e7d8a26e50b933a0cfb79d1\windows-amd64\native-platform.dll
0x00007ffc71cb0000 - 0x00007ffc71cba000 	C:\Users\USER\.antigravity-ide\extensions\redhat.java-1.55.0-win32-x64\jre\21.0.11-win32-x86_64\bin\management.dll
0x00007ffc71bf0000 - 0x00007ffc71bfc000 	C:\Users\USER\.antigravity-ide\extensions\redhat.java-1.55.0-win32-x64\jre\21.0.11-win32-x86_64\bin\management_ext.dll
0x00007ffc66c90000 - 0x00007ffc66c98000 	C:\WINDOWS\system32\wshunix.dll

JVMTI agents:
c:\Users\USER\.antigravity-ide\extensions\redhat.java-1.55.0-win32-x64\lombok\lombok-1.18.39-4050.jar path:c:\Users\USER\.antigravity-ide\extensions\redhat.java-1.55.0-win32-x64\jre\21.0.11-win32-x86_64\bin\instrument.dll, loaded, initialized, instrumentlib options:none

dbghelp: loaded successfully - version: 4.0.5 - missing functions: none
symbol engine: initialized successfully - sym options: 0x614 - pdb path: .;c:\Users\USER\.antigravity-ide\extensions\redhat.java-1.55.0-win32-x64\jre\21.0.11-win32-x86_64\bin;C:\WINDOWS\SYSTEM32;C:\WINDOWS\WinSxS\amd64_microsoft.windows.common-controls_6595b64144ccf1df_6.0.26100.8737_none_3e092eaee333b772;c:\Users\USER\.antigravity-ide\extensions\redhat.java-1.55.0-win32-x64\jre\21.0.11-win32-x86_64\bin\server;C:\Users\USER\AppData\Roaming\Antigravity IDE\User\globalStorage\redhat.java\1.55.0\config_win\org.eclipse.equinox.launcher\org.eclipse.equinox.launcher.win32.win32.x86_64_1.3.100.v20260613-0559;C:\Users\USER\AppData\Local\Temp\jna-2614219;C:\Users\USER\.gradle\native\660c5614fbf4a5f2a75b1949f50a0caf5cd603558e7d8a26e50b933a0cfb79d1\windows-amd64

VM Arguments:
jvm_args: --add-modules=ALL-SYSTEM --add-opens=java.base/java.util=ALL-UNNAMED --add-opens=java.base/java.lang=ALL-UNNAMED --add-opens=java.base/sun.nio.fs=ALL-UNNAMED -Declipse.application=org.eclipse.jdt.ls.core.id1 -Dosgi.bundles.defaultStartLevel=4 -Declipse.product=org.eclipse.jdt.ls.core.product -Djava.import.generatesMetadataFilesAtProjectRoot=false -DDetectVMInstallationsJob.disabled=true -Dfile.encoding=utf8 -XX:+UseParallelGC -XX:GCTimeRatio=4 -XX:AdaptiveSizePolicyWeight=90 -Dsun.zip.disableMemoryMapping=true -Xmx2G -Xms100m -Xlog:disable -javaagent:c:\Users\USER\.antigravity-ide\extensions\redhat.java-1.55.0-win32-x64\lombok\lombok-1.18.39-4050.jar -XX:+HeapDumpOnOutOfMemoryError -XX:HeapDumpPath=c:\Users\USER\AppData\Roaming\Antigravity IDE\User\workspaceStorage\dcd9b6f879a3aa02deb31407ba3962f0\redhat.java -Daether.dependencyCollector.impl=bf 
java_command: c:\Users\USER\.antigravity-ide\extensions\redhat.java-1.55.0-win32-x64\server\plugins\org.eclipse.equinox.launcher_1.7.200.v20260619-2039.jar -configuration c:\Users\USER\AppData\Roaming\Antigravity IDE\User\globalStorage\redhat.java\1.55.0\config_win -data c:\Users\USER\AppData\Roaming\Antigravity IDE\User\workspaceStorage\dcd9b6f879a3aa02deb31407ba3962f0\redhat.java\jdt_ws --pipe=\\.\pipe\lsp-7f0bc07d1619ccb6ef20062a86c1d976-sock
java_class_path (initial): c:\Users\USER\.antigravity-ide\extensions\redhat.java-1.55.0-win32-x64\server\plugins\org.eclipse.equinox.launcher_1.7.200.v20260619-2039.jar
Launcher Type: SUN_STANDARD

[Global flags]
    uintx AdaptiveSizePolicyWeight                 = 90                                        {product} {command line}
     intx CICompilerCount                          = 12                                        {product} {ergonomic}
    uintx GCTimeRatio                              = 4                                         {product} {command line}
     bool HeapDumpOnOutOfMemoryError               = true                                   {manageable} {command line}
    ccstr HeapDumpPath                             = c:\Users\USER\AppData\Roaming\Antigravity IDE\User\workspaceStorage\dcd9b6f879a3aa02deb31407ba3962f0\redhat.java         {manageable} {command line}
   size_t InitialHeapSize                          = 104857600                                 {product} {command line}
   size_t MaxHeapSize                              = 2147483648                                {product} {command line}
   size_t MaxNewSize                               = 715653120                                 {product} {ergonomic}
   size_t MinHeapDeltaBytes                        = 524288                                    {product} {ergonomic}
   size_t MinHeapSize                              = 104857600                                 {product} {command line}
   size_t NewSize                                  = 34603008                                  {product} {ergonomic}
    uintx NonNMethodCodeHeapSize                   = 7602480                                {pd product} {ergonomic}
    uintx NonProfiledCodeHeapSize                  = 122027880                              {pd product} {ergonomic}
   size_t OldSize                                  = 70254592                                  {product} {ergonomic}
    uintx ProfiledCodeHeapSize                     = 122027880                              {pd product} {ergonomic}
    uintx ReservedCodeCacheSize                    = 251658240                              {pd product} {ergonomic}
     bool SegmentedCodeCache                       = true                                      {product} {ergonomic}
   size_t SoftMaxHeapSize                          = 2147483648                             {manageable} {ergonomic}
     bool UseCompressedOops                        = true                           {product lp64_product} {ergonomic}
     bool UseLargePagesIndividualAllocation        = false                                  {pd product} {ergonomic}
     bool UseParallelGC                            = true                                      {product} {command line}

Logging:
Log output configuration:
 #0: stdout all=off uptime,level,tags foldmultilines=false
 #1: stderr all=off uptime,level,tags foldmultilines=false

Release file:
JAVA_VERSION="21.0.11" 
MODULES="java.base java.compiler java.datatransfer java.xml java.prefs java.desktop java.instrument java.logging java.management java.security.sasl java.naming java.rmi java.management.rmi java.net.http java.scripting java.security.jgss java.transaction.xa java.sql java.sql.rowset java.xml.crypto java.se java.smartcardio jdk.accessibility jdk.internal.jvmstat jdk.attach jdk.charsets jdk.internal.opt jdk.zipfs jdk.compiler jdk.crypto.ec jdk.crypto.cryptoki jdk.crypto.mscapi jdk.dynalink jdk.internal.ed jdk.editpad jdk.hotspot.agent jdk.httpserver jdk.internal.le jdk.internal.vm.ci jdk.internal.vm.compiler jdk.internal.vm.compiler.management jdk.jartool jdk.javadoc jdk.jcmd jdk.management jdk.management.agent jdk.jconsole jdk.jdeps jdk.jdwp.agent jdk.jdi jdk.jfr jdk.jshell jdk.jsobject jdk.jstatd jdk.localedata jdk.management.jfr jdk.naming.dns jdk.naming.rmi jdk.net jdk.nio.mapmode jdk.random jdk.sctp jdk.security.auth jdk.security.jgss jdk.unsupported jdk.unsupported.desktop jdk.xml.dom" 

Environment Variables:
JAVA_HOME=C:\Program Files\Java\jdk-21
PATH=C:\Python314\Scripts\;C:\Python314\;C:\Program Files\Common Files\Oracle\Java\javapath;C:\WINDOWS\system32;C:\WINDOWS;C:\WINDOWS\System32\Wbem;C:\WINDOWS\System32\WindowsPowerShell\v1.0\;C:\WINDOWS\System32\OpenSSH\;C:\Program Files (x86)\NVIDIA Corporation\PhysX\Common;C:\Program Files\NVIDIA Corporation\NVIDIA NvDLISR;C:\Program Files\dotnet\;C:\Program Files\Git\cmd;C:\Program Files\nodejs\;C:\ProgramData\chocolatey\bin;C:\Users\USER\.local\bin;;C:\Program Files\Docker\Docker\resources\bin;C:\Program Files\Redis\;C:\Users\USER\AppData\Local\Microsoft\WindowsApps;C:\Program Files\JetBrains\IntelliJ IDEA 2025.2.3\bin;C:\Program Files\JetBrains\PyCharm 2025.2.3\bin;C:\Program Files\JetBrains\WebStorm 2025.2.4\bin;C:\Program Files\Java\jdk-21\bin;C:\Users\USER\AppData\Roaming\npm;C:\Users\USER\AppData\Local\Programs\Microsoft VS Code\bin;C:\ffmeg\ffmpeg\ffmpeg\bin;C:\maven\apache-maven-3.9.12-bin\apache-maven-3.9.12\bin;C:\Users\USER\AppData\Local\Programs\Antigravity IDE\bin;C:\Users\USER\.dotnet\tools;C:\Users\USER\AppData\Local\Microsoft\WinGet\Packages\Helm.Helm_Microsoft.Winget.Source_8wekyb3d8bbwe\windows-amd64;
USERNAME=USER
OS=Windows_NT
PROCESSOR_IDENTIFIER=Intel64 Family 6 Model 170 Stepping 4, GenuineIntel
TMP=C:\Users\USER\AppData\Local\Temp
TEMP=C:\Users\USER\AppData\Local\Temp




Periodic native trim disabled

---------------  S Y S T E M  ---------------

OS:
 Windows 11 , 64 bit Build 26100 (10.0.26100.8737)
OS uptime: 0 days 5:00 hours
Hyper-V role detected

CPU: total 22 (initial active 22) (11 cores per cpu, 2 threads per core) family 6 model 170 stepping 4 microcode 0x1e, cx8, cmov, fxsr, ht, mmx, 3dnowpref, sse, sse2, sse3, ssse3, sse4.1, sse4.2, popcnt, lzcnt, tsc, tscinvbit, avx, avx2, aes, erms, clmul, bmi1, bmi2, adx, sha, fma, vzeroupper, clflush, clflushopt, clwb, hv, serialize, rdtscp, rdpid, fsrm, f16c, cet_ibt, cet_ss
Processor Information for processor 0
  Max Mhz: 1400, Current Mhz: 1400, Mhz Limit: 1400
Processor Information for processor 1
  Max Mhz: 1400, Current Mhz: 1400, Mhz Limit: 1400
Processor Information for processor 2
  Max Mhz: 3800, Current Mhz: 900, Mhz Limit: 874
Processor Information for processor 3
  Max Mhz: 3800, Current Mhz: 900, Mhz Limit: 874
Processor Information for processor 4
  Max Mhz: 3800, Current Mhz: 900, Mhz Limit: 874
Processor Information for processor 5
  Max Mhz: 3800, Current Mhz: 900, Mhz Limit: 874
Processor Information for processor 6
  Max Mhz: 3800, Current Mhz: 900, Mhz Limit: 874
Processor Information for processor 7
  Max Mhz: 3800, Current Mhz: 900, Mhz Limit: 874
Processor Information for processor 8
  Max Mhz: 3800, Current Mhz: 900, Mhz Limit: 874
Processor Information for processor 9
  Max Mhz: 3800, Current Mhz: 900, Mhz Limit: 874
Processor Information for processor 10
  Max Mhz: 1400, Current Mhz: 1400, Mhz Limit: 1400
Processor Information for processor 11
  Max Mhz: 1400, Current Mhz: 1400, Mhz Limit: 1400
Processor Information for processor 12
  Max Mhz: 1400, Current Mhz: 1400, Mhz Limit: 1400
Processor Information for processor 13
  Max Mhz: 1400, Current Mhz: 1400, Mhz Limit: 1400
Processor Information for processor 14
  Max Mhz: 1400, Current Mhz: 1400, Mhz Limit: 1400
Processor Information for processor 15
  Max Mhz: 1400, Current Mhz: 1400, Mhz Limit: 1400
Processor Information for processor 16
  Max Mhz: 1400, Current Mhz: 1400, Mhz Limit: 1400
Processor Information for processor 17
  Max Mhz: 1400, Current Mhz: 1400, Mhz Limit: 1400
Processor Information for processor 18
  Max Mhz: 1400, Current Mhz: 1400, Mhz Limit: 1400
Processor Information for processor 19
  Max Mhz: 1400, Current Mhz: 1400, Mhz Limit: 1400
Processor Information for processor 20
  Max Mhz: 2500, Current Mhz: 700, Mhz Limit: 700
Processor Information for processor 21
  Max Mhz: 2500, Current Mhz: 700, Mhz Limit: 700

Memory: 4k page, system-wide physical 15894M (525M free)
TotalPageFile size 49221M (AvailPageFile size 7M)
current process WorkingSet (physical memory assigned to process): 122M, peak: 674M
current process commit charge ("private bytes"): 1396M, peak: 1401M

vm_info: OpenJDK 64-Bit Server VM (21.0.11+10-LTS) for windows-amd64 JRE (21.0.11+10-LTS), built on 2026-04-21T00:00:00Z by "admin" with MS VC++ 17.12 (VS2022)

END.
