#
# There is insufficient memory for the Java Runtime Environment to continue.
# Native memory allocation (malloc) failed to allocate 1231696 bytes. Error detail: Chunk::new
# Possible reasons:
#   The system is out of physical RAM or swap space
#   This process is running with CompressedOops enabled, and the Java Heap may be blocking the growth of the native heap
# Possible solutions:
#   Reduce memory load on the system
#   Increase physical memory or swap space
#   Check if swap backing store is full
#   Decrease Java heap size (-Xmx/-Xms)
#   Decrease number of Java threads
#   Decrease Java thread stack sizes (-Xss)
#   Set larger code cache with -XX:ReservedCodeCacheSize=
#   JVM is running with Unscaled Compressed Oops mode in which the Java heap is
#     placed in the first 4GB address space. The Java Heap base address is the
#     maximum limit for the native heap growth. Please use -XX:HeapBaseMinAddress
#     to set the Java Heap base and to place the Java Heap above 4GB virtual address.
# This output file may be truncated or incomplete.
#
#  Out of Memory Error (arena.cpp:168), pid=18672, tid=14024
#
# JRE version: OpenJDK Runtime Environment Temurin-21.0.11+10 (21.0.11+10) (build 21.0.11+10-LTS)
# Java VM: OpenJDK 64-Bit Server VM Temurin-21.0.11+10 (21.0.11+10-LTS, mixed mode, sharing, tiered, compressed oops, compressed class ptrs, parallel gc, windows-amd64)
# No core dump will be written. Minidumps are not enabled by default on client versions of Windows
#

---------------  S U M M A R Y ------------

Command Line: --add-modules=ALL-SYSTEM --add-opens=java.base/java.util=ALL-UNNAMED --add-opens=java.base/java.lang=ALL-UNNAMED --add-opens=java.base/sun.nio.fs=ALL-UNNAMED -Declipse.application=org.eclipse.jdt.ls.core.id1 -Dosgi.bundles.defaultStartLevel=4 -Declipse.product=org.eclipse.jdt.ls.core.product -Djava.import.generatesMetadataFilesAtProjectRoot=false -DDetectVMInstallationsJob.disabled=true -Dfile.encoding=utf8 -XX:+UseParallelGC -XX:GCTimeRatio=4 -XX:AdaptiveSizePolicyWeight=90 -Dsun.zip.disableMemoryMapping=true -Xmx2G -Xms100m -Xlog:disable -javaagent:c:\Users\USER\.antigravity-ide\extensions\redhat.java-1.55.0-win32-x64\lombok\lombok-1.18.39-4050.jar -XX:+HeapDumpOnOutOfMemoryError -XX:HeapDumpPath=c:\Users\USER\AppData\Roaming\Antigravity IDE\User\workspaceStorage\dcd9b6f879a3aa02deb31407ba3962f0\redhat.java -Daether.dependencyCollector.impl=bf c:\Users\USER\.antigravity-ide\extensions\redhat.java-1.55.0-win32-x64\server\plugins\org.eclipse.equinox.launcher_1.7.200.v20260619-2039.jar -configuration c:\Users\USER\AppData\Roaming\Antigravity IDE\User\globalStorage\redhat.java\1.55.0\config_win -data c:\Users\USER\AppData\Roaming\Antigravity IDE\User\workspaceStorage\dcd9b6f879a3aa02deb31407ba3962f0\redhat.java\jdt_ws --pipe=\\.\pipe\lsp-fda961be532483a2bec704283055f5f3-sock

Host: Intel(R) Core(TM) Ultra 7 155H, 22 cores, 15G,  Windows 11 , 64 bit Build 26100 (10.0.26100.8737)
Time: Thu Jul  9 18:43:04 2026 SE Asia Standard Time elapsed time: 28.818207 seconds (0d 0h 0m 28s)

---------------  T H R E A D  ---------------

Current thread (0x0000024e6dee8770):  JavaThread "C2 CompilerThread0" daemon [_thread_in_native, id=14024, stack(0x0000007b20700000,0x0000007b20800000) (1024K)]


Current CompileTask:
C2:28818 10406       4       org.eclipse.jdt.internal.compiler.parser.Parser::consumeRule (7843 bytes)

Stack: [0x0000007b20700000,0x0000007b20800000]
Native frames: (J=compiled Java code, j=interpreted, Vv=VM code, C=native code)
V  [jvm.dll+0x6d7e19]
V  [jvm.dll+0x8b5096]
V  [jvm.dll+0x8b764e]
V  [jvm.dll+0x8b7d33]
V  [jvm.dll+0x284596]
V  [jvm.dll+0xc685d]
V  [jvm.dll+0xc6da1]
V  [jvm.dll+0x3bed31]
V  [jvm.dll+0x38b2b2]
V  [jvm.dll+0x38a6fa]
V  [jvm.dll+0x24c700]
V  [jvm.dll+0x24bce0]
V  [jvm.dll+0x1cb4ae]
V  [jvm.dll+0x25baad]
V  [jvm.dll+0x25a03a]
V  [jvm.dll+0x3f868e]
V  [jvm.dll+0x85fb0d]
V  [jvm.dll+0x6d664d]
C  [ucrtbase.dll+0x2cd30]
C  [KERNEL32.DLL+0x2e957]
C  [ntdll.dll+0xaad6c]


---------------  P R O C E S S  ---------------

Threads class SMR info:
_java_thread_list=0x0000024e51c37b10, length=110, elements={
0x0000024e6df3d290, 0x0000024e6dffdf30, 0x0000024e6dedcca0, 0x0000024e6dedea40,
0x0000024e6dedf6f0, 0x0000024e6dee0a20, 0x0000024e6dee74b0, 0x0000024e6dee8770,
0x0000024e6deea0b0, 0x0000024e76f8f950, 0x0000024e7d0710e0, 0x0000024e7d75dde0,
0x0000024e76f68da0, 0x0000024e7d7d6730, 0x0000024e7d7d6da0, 0x0000024e7ddbee80,
0x0000024e7d394790, 0x0000024e7d2bd2c0, 0x0000024e7d512520, 0x0000024e7e5892e0,
0x0000024e7e58a000, 0x0000024e7e3f6540, 0x0000024e7e3f6bd0, 0x0000024e7e3f7260,
0x0000024e7e3f7f80, 0x0000024e7e3f5eb0, 0x0000024e7e3fa6e0, 0x0000024e7e3f8610,
0x0000024e7e3fa050, 0x0000024e7e3f99c0, 0x0000024e7e3fba90, 0x0000024e7e3fad70,
0x0000024e7e3fb400, 0x0000024e7e3f9330, 0x0000024e7e3fc120, 0x0000024e7e3f8ca0,
0x0000024e7e3fc7b0, 0x0000024e7e3fce40, 0x0000024e7e3fd4d0, 0x0000024e7f331b20,
0x0000024e7f333560, 0x0000024e7f3321b0, 0x0000024e7f332840, 0x0000024e7f332ed0,
0x0000024e7f333bf0, 0x0000024e7f331490, 0x0000024e7f334fa0, 0x0000024e7f336350,
0x0000024e7f3369e0, 0x0000024e7f337070, 0x0000024e7f335cc0, 0x0000024e7f337700,
0x0000024e7f334280, 0x0000024e7f338420, 0x0000024e7f338ab0, 0x0000024e7f335630,
0x0000024e7f167bb0, 0x0000024e7f168f60, 0x0000024e7f168240, 0x0000024e7f1688d0,
0x0000024e7f166170, 0x0000024e7f165ae0, 0x0000024e7f16c3e0, 0x0000024e7f16bd50,
0x0000024e7f16ca70, 0x0000024e7f1695f0, 0x0000024e7f169c80, 0x0000024e7f16b030,
0x0000024e7f16a310, 0x0000024e7f16a9a0, 0x0000024e7f980cd0, 0x0000024e7f983430,
0x0000024e7f9847e0, 0x0000024e7f982080, 0x0000024e7f983ac0, 0x0000024e7f982710,
0x0000024e7f981360, 0x0000024e7f984150, 0x0000024e7f982da0, 0x0000024e7f984e70,
0x0000024e7f9819f0, 0x0000024e7f986220, 0x0000024e7f986f40, 0x0000024e7f9868b0,
0x0000024e7f9875d0, 0x0000024e7f987c60, 0x0000024e7f985500, 0x0000024e7f985b90,
0x0000024e7f9882f0, 0x0000024e7e457380, 0x0000024e7e455fd0, 0x0000024e7e456660,
0x0000024e7e4580a0, 0x0000024e7e457a10, 0x0000024e7e454c20, 0x0000024e7e4552b0,
0x0000024e7e45bbb0, 0x0000024e7e45a170, 0x0000024e7e45a800, 0x0000024e7e459450,
0x0000024e7e459ae0, 0x0000024e7e45b520, 0x0000024e7e45ae90, 0x0000024e7e458730,
0x0000024e7e45c240, 0x0000024e7e458dc0, 0x0000024e7f63c1f0, 0x0000024e7f63a120,
0x0000024e7f638d70, 0x0000024e7f639a90
}

Java Threads: ( => current thread )
  0x0000024e6df3d290 JavaThread "main"                              [_thread_blocked, id=32600, stack(0x0000007b1fd00000,0x0000007b1fe00000) (1024K)]
  0x0000024e6dffdf30 JavaThread "Reference Handler"          daemon [_thread_blocked, id=39372, stack(0x0000007b20100000,0x0000007b20200000) (1024K)]
  0x0000024e6dedcca0 JavaThread "Finalizer"                  daemon [_thread_blocked, id=38224, stack(0x0000007b20200000,0x0000007b20300000) (1024K)]
  0x0000024e6dedea40 JavaThread "Signal Dispatcher"          daemon [_thread_blocked, id=38460, stack(0x0000007b20300000,0x0000007b20400000) (1024K)]
  0x0000024e6dedf6f0 JavaThread "Attach Listener"            daemon [_thread_blocked, id=38320, stack(0x0000007b20400000,0x0000007b20500000) (1024K)]
  0x0000024e6dee0a20 JavaThread "Service Thread"             daemon [_thread_blocked, id=17720, stack(0x0000007b20500000,0x0000007b20600000) (1024K)]
  0x0000024e6dee74b0 JavaThread "Monitor Deflation Thread"   daemon [_thread_blocked, id=4056, stack(0x0000007b20600000,0x0000007b20700000) (1024K)]
=>0x0000024e6dee8770 JavaThread "C2 CompilerThread0"         daemon [_thread_in_native, id=14024, stack(0x0000007b20700000,0x0000007b20800000) (1024K)]
  0x0000024e6deea0b0 JavaThread "C1 CompilerThread0"         daemon [_thread_blocked, id=24792, stack(0x0000007b20800000,0x0000007b20900000) (1024K)]
  0x0000024e76f8f950 JavaThread "Common-Cleaner"             daemon [_thread_blocked, id=28776, stack(0x0000007b20b00000,0x0000007b20c00000) (1024K)]
  0x0000024e7d0710e0 JavaThread "Notification Thread"        daemon [_thread_blocked, id=33272, stack(0x0000007b20e00000,0x0000007b20f00000) (1024K)]
  0x0000024e7d75dde0 JavaThread "Active Thread: Equinox Container: 32812038-a051-4e50-9c5d-579465333b4b"        [_thread_blocked, id=38088, stack(0x0000007b21500000,0x0000007b21600000) (1024K)]
  0x0000024e76f68da0 JavaThread "Refresh Thread: Equinox Container: 32812038-a051-4e50-9c5d-579465333b4b" daemon [_thread_blocked, id=39676, stack(0x0000007b20900000,0x0000007b20a00000) (1024K)]
  0x0000024e7d7d6730 JavaThread "Framework Event Dispatcher: Equinox Container: 32812038-a051-4e50-9c5d-579465333b4b" daemon [_thread_blocked, id=35612, stack(0x0000007b20c00000,0x0000007b20d00000) (1024K)]
  0x0000024e7d7d6da0 JavaThread "Start Level: Equinox Container: 32812038-a051-4e50-9c5d-579465333b4b" daemon [_thread_blocked, id=2072, stack(0x0000007b20d00000,0x0000007b20e00000) (1024K)]
  0x0000024e7ddbee80 JavaThread "Bundle File Closer"         daemon [_thread_blocked, id=32100, stack(0x0000007b21a00000,0x0000007b21b00000) (1024K)]
  0x0000024e7d394790 JavaThread "SCR Component Actor"        daemon [_thread_blocked, id=15140, stack(0x0000007b21900000,0x0000007b21a00000) (1024K)]
  0x0000024e7d2bd2c0 JavaThread "C1 CompilerThread1"         daemon [_thread_blocked, id=9288, stack(0x0000007b21c00000,0x0000007b21d00000) (1024K)]
  0x0000024e7d512520 JavaThread "Worker-JM"                         [_thread_blocked, id=4756, stack(0x0000007b21f00000,0x0000007b22000000) (1024K)]
  0x0000024e7e5892e0 JavaThread "JNA Cleaner"                daemon [_thread_blocked, id=25448, stack(0x0000007b21b00000,0x0000007b21c00000) (1024K)]
  0x0000024e7e58a000 JavaThread "Worker-0"                          [_thread_blocked, id=37452, stack(0x0000007b22300000,0x0000007b22400000) (1024K)]
  0x0000024e7e3f6540 JavaThread "Worker-1"                          [_thread_blocked, id=21624, stack(0x0000007b22400000,0x0000007b22500000) (1024K)]
  0x0000024e7e3f6bd0 JavaThread "Worker-2"                          [_thread_blocked, id=11024, stack(0x0000007b22600000,0x0000007b22700000) (1024K)]
  0x0000024e7e3f7260 JavaThread "Worker-3: Building"                [_thread_blocked, id=33608, stack(0x0000007b22900000,0x0000007b22a00000) (1024K)]
  0x0000024e7e3f7f80 JavaThread "Java indexing"              daemon [_thread_blocked, id=18480, stack(0x0000007b22a00000,0x0000007b22b00000) (1024K)]
  0x0000024e7e3f5eb0 JavaThread "Worker-4: Java indexing... "        [_thread_blocked, id=35420, stack(0x0000007b22b00000,0x0000007b22c00000) (1024K)]
  0x0000024e7e3fa6e0 JavaThread "Worker-5"                          [_thread_blocked, id=34008, stack(0x0000007b22e00000,0x0000007b22f00000) (1024K)]
  0x0000024e7e3f8610 JavaThread "Worker-6"                          [_thread_blocked, id=28344, stack(0x0000007b22f00000,0x0000007b23000000) (1024K)]
  0x0000024e7e3fa050 JavaThread "Worker-7"                          [_thread_blocked, id=6328, stack(0x0000007b23000000,0x0000007b23100000) (1024K)]
  0x0000024e7e3f99c0 JavaThread "Thread-1"                   daemon [_thread_in_native, id=34552, stack(0x0000007b23100000,0x0000007b23200000) (1024K)]
  0x0000024e7e3fba90 JavaThread "Thread-2"                   daemon [_thread_in_native, id=26524, stack(0x0000007b23200000,0x0000007b23300000) (1024K)]
  0x0000024e7e3fad70 JavaThread "Thread-3"                   daemon [_thread_in_native, id=39656, stack(0x0000007b23300000,0x0000007b23400000) (1024K)]
  0x0000024e7e3fb400 JavaThread "Thread-4"                   daemon [_thread_in_native, id=32936, stack(0x0000007b23400000,0x0000007b23500000) (1024K)]
  0x0000024e7e3f9330 JavaThread "Thread-5"                   daemon [_thread_in_native, id=36692, stack(0x0000007b23500000,0x0000007b23600000) (1024K)]
  0x0000024e7e3fc120 JavaThread "Thread-6"                   daemon [_thread_in_native, id=20176, stack(0x0000007b23600000,0x0000007b23700000) (1024K)]
  0x0000024e7e3f8ca0 JavaThread "Thread-7"                   daemon [_thread_in_native, id=37844, stack(0x0000007b23700000,0x0000007b23800000) (1024K)]
  0x0000024e7e3fc7b0 JavaThread "Thread-8"                   daemon [_thread_in_native, id=26696, stack(0x0000007b23800000,0x0000007b23900000) (1024K)]
  0x0000024e7e3fce40 JavaThread "Thread-9"                   daemon [_thread_in_native, id=27332, stack(0x0000007b23900000,0x0000007b23a00000) (1024K)]
  0x0000024e7e3fd4d0 JavaThread "Thread-10"                  daemon [_thread_in_native, id=21640, stack(0x0000007b23a00000,0x0000007b23b00000) (1024K)]
  0x0000024e7f331b20 JavaThread "Thread-11"                  daemon [_thread_in_native, id=32628, stack(0x0000007b23b00000,0x0000007b23c00000) (1024K)]
  0x0000024e7f333560 JavaThread "Thread-12"                  daemon [_thread_in_native, id=27656, stack(0x0000007b23c00000,0x0000007b23d00000) (1024K)]
  0x0000024e7f3321b0 JavaThread "Thread-13"                  daemon [_thread_in_native, id=33780, stack(0x0000007b23d00000,0x0000007b23e00000) (1024K)]
  0x0000024e7f332840 JavaThread "Thread-14"                  daemon [_thread_in_native, id=35588, stack(0x0000007b23e00000,0x0000007b23f00000) (1024K)]
  0x0000024e7f332ed0 JavaThread "Thread-15"                  daemon [_thread_in_native, id=31224, stack(0x0000007b23f00000,0x0000007b24000000) (1024K)]
  0x0000024e7f333bf0 JavaThread "Thread-16"                  daemon [_thread_in_native, id=21800, stack(0x0000007b24000000,0x0000007b24100000) (1024K)]
  0x0000024e7f331490 JavaThread "Thread-17"                  daemon [_thread_in_native, id=30572, stack(0x0000007b24100000,0x0000007b24200000) (1024K)]
  0x0000024e7f334fa0 JavaThread "Thread-18"                  daemon [_thread_in_native, id=14552, stack(0x0000007b24200000,0x0000007b24300000) (1024K)]
  0x0000024e7f336350 JavaThread "Thread-19"                  daemon [_thread_in_native, id=17048, stack(0x0000007b24300000,0x0000007b24400000) (1024K)]
  0x0000024e7f3369e0 JavaThread "Thread-20"                  daemon [_thread_in_native, id=23200, stack(0x0000007b24400000,0x0000007b24500000) (1024K)]
  0x0000024e7f337070 JavaThread "Thread-21"                  daemon [_thread_in_native, id=20116, stack(0x0000007b24500000,0x0000007b24600000) (1024K)]
  0x0000024e7f335cc0 JavaThread "Thread-22"                  daemon [_thread_in_native, id=25768, stack(0x0000007b24600000,0x0000007b24700000) (1024K)]
  0x0000024e7f337700 JavaThread "Thread-23"                  daemon [_thread_in_native, id=7236, stack(0x0000007b24700000,0x0000007b24800000) (1024K)]
  0x0000024e7f334280 JavaThread "pool-2-thread-1"                   [_thread_blocked, id=24440, stack(0x0000007b24800000,0x0000007b24900000) (1024K)]
  0x0000024e7f338420 JavaThread "WorkspaceEventsHandler"            [_thread_blocked, id=31980, stack(0x0000007b24900000,0x0000007b24a00000) (1024K)]
  0x0000024e7f338ab0 JavaThread "pool-1-thread-1"                   [_thread_blocked, id=35632, stack(0x0000007b24a00000,0x0000007b24b00000) (1024K)]
  0x0000024e7f335630 JavaThread "Worker-8"                          [_thread_blocked, id=34928, stack(0x0000007b24b00000,0x0000007b24c00000) (1024K)]
  0x0000024e7f167bb0 JavaThread "LocalFile Deleter"          daemon [_thread_blocked, id=26764, stack(0x0000007b24c00000,0x0000007b24d00000) (1024K)]
  0x0000024e7f168f60 JavaThread "LocalFile Deleter"          daemon [_thread_blocked, id=40944, stack(0x0000007b24d00000,0x0000007b24e00000) (1024K)]
  0x0000024e7f168240 JavaThread "LocalFile Deleter"          daemon [_thread_blocked, id=38816, stack(0x0000007b24e00000,0x0000007b24f00000) (1024K)]
  0x0000024e7f1688d0 JavaThread "LocalFile Deleter"          daemon [_thread_blocked, id=39984, stack(0x0000007b24f00000,0x0000007b25000000) (1024K)]
  0x0000024e7f166170 JavaThread "LocalFile Deleter"          daemon [_thread_blocked, id=39424, stack(0x0000007b25000000,0x0000007b25100000) (1024K)]
  0x0000024e7f165ae0 JavaThread "LocalFile Deleter"          daemon [_thread_blocked, id=23660, stack(0x0000007b25100000,0x0000007b25200000) (1024K)]
  0x0000024e7f16c3e0 JavaThread "Compiler Source File Reader" daemon [_thread_blocked, id=9652, stack(0x0000007b25200000,0x0000007b25300000) (1024K)]
  0x0000024e7f16bd50 JavaThread "Compiler Source File Reader" daemon [_thread_blocked, id=31196, stack(0x0000007b25300000,0x0000007b25400000) (1024K)]
  0x0000024e7f16ca70 JavaThread "Compiler Source File Reader" daemon [_thread_blocked, id=21688, stack(0x0000007b25400000,0x0000007b25500000) (1024K)]
  0x0000024e7f1695f0 JavaThread "Compiler Processing Task"   daemon [_thread_blocked, id=37444, stack(0x0000007b21e00000,0x0000007b21f00000) (1024K)]
  0x0000024e7f169c80 JavaThread "Compiler Class File Writer" daemon [_thread_blocked, id=33388, stack(0x0000007b22800000,0x0000007b22900000) (1024K)]
  0x0000024e7f16b030 JavaThread "Compiler Class File Writer" daemon [_thread_blocked, id=31436, stack(0x0000007b25500000,0x0000007b25600000) (1024K)]
  0x0000024e7f16a310 JavaThread "Compiler Class File Writer" daemon [_thread_blocked, id=580, stack(0x0000007b25600000,0x0000007b25700000) (1024K)]
  0x0000024e7f16a9a0 JavaThread "Compiler Source File Reader" daemon [_thread_blocked, id=35236, stack(0x0000007b25700000,0x0000007b25800000) (1024K)]
  0x0000024e7f980cd0 JavaThread "Compiler Class File Writer" daemon [_thread_blocked, id=38184, stack(0x0000007b21d00000,0x0000007b21e00000) (1024K)]
  0x0000024e7f983430 JavaThread "LocalFile Deleter"          daemon [_thread_blocked, id=35688, stack(0x0000007b25800000,0x0000007b25900000) (1024K)]
  0x0000024e7f9847e0 JavaThread "LocalFile Deleter"          daemon [_thread_blocked, id=38312, stack(0x0000007b25900000,0x0000007b25a00000) (1024K)]
  0x0000024e7f982080 JavaThread "LocalFile Deleter"          daemon [_thread_blocked, id=13736, stack(0x0000007b25a00000,0x0000007b25b00000) (1024K)]
  0x0000024e7f983ac0 JavaThread "LocalFile Deleter"          daemon [_thread_blocked, id=38628, stack(0x0000007b25b00000,0x0000007b25c00000) (1024K)]
  0x0000024e7f982710 JavaThread "LocalFile Deleter"          daemon [_thread_blocked, id=11956, stack(0x0000007b25c00000,0x0000007b25d00000) (1024K)]
  0x0000024e7f981360 JavaThread "LocalFile Deleter"          daemon [_thread_blocked, id=13968, stack(0x0000007b25d00000,0x0000007b25e00000) (1024K)]
  0x0000024e7f984150 JavaThread "LocalFile Deleter"          daemon [_thread_blocked, id=19816, stack(0x0000007b25e00000,0x0000007b25f00000) (1024K)]
  0x0000024e7f982da0 JavaThread "LocalFile Deleter"          daemon [_thread_blocked, id=40520, stack(0x0000007b25f00000,0x0000007b26000000) (1024K)]
  0x0000024e7f984e70 JavaThread "Compiler Source File Reader" daemon [_thread_blocked, id=33116, stack(0x0000007b26000000,0x0000007b26100000) (1024K)]
  0x0000024e7f9819f0 JavaThread "Compiler Source File Reader" daemon [_thread_blocked, id=18284, stack(0x0000007b26100000,0x0000007b26200000) (1024K)]
  0x0000024e7f986220 JavaThread "Compiler Source File Reader" daemon [_thread_blocked, id=23488, stack(0x0000007b26200000,0x0000007b26300000) (1024K)]
  0x0000024e7f986f40 JavaThread "Compiler Source File Reader" daemon [_thread_blocked, id=30924, stack(0x0000007b26300000,0x0000007b26400000) (1024K)]
  0x0000024e7f9868b0 JavaThread "Compiler Source File Reader" daemon [_thread_blocked, id=24036, stack(0x0000007b26400000,0x0000007b26500000) (1024K)]
  0x0000024e7f9875d0 JavaThread "Compiler Source File Reader" daemon [_thread_blocked, id=14420, stack(0x0000007b26500000,0x0000007b26600000) (1024K)]
  0x0000024e7f987c60 JavaThread "Compiler Source File Reader" daemon [_thread_blocked, id=37900, stack(0x0000007b26600000,0x0000007b26700000) (1024K)]
  0x0000024e7f985500 JavaThread "Compiler Source File Reader" daemon [_thread_blocked, id=38804, stack(0x0000007b26700000,0x0000007b26800000) (1024K)]
  0x0000024e7f985b90 JavaThread "Compiler Source File Reader" daemon [_thread_blocked, id=12648, stack(0x0000007b26800000,0x0000007b26900000) (1024K)]
  0x0000024e7f9882f0 JavaThread "Compiler Source File Reader" daemon [_thread_blocked, id=18888, stack(0x0000007b26900000,0x0000007b26a00000) (1024K)]
  0x0000024e7e457380 JavaThread "Compiler Source File Reader" daemon [_thread_blocked, id=22104, stack(0x0000007b26a00000,0x0000007b26b00000) (1024K)]
  0x0000024e7e455fd0 JavaThread "Compiler Class File Writer" daemon [_thread_blocked, id=24520, stack(0x0000007b26b00000,0x0000007b26c00000) (1024K)]
  0x0000024e7e456660 JavaThread "Compiler Class File Writer" daemon [_thread_blocked, id=40328, stack(0x0000007b26c00000,0x0000007b26d00000) (1024K)]
  0x0000024e7e4580a0 JavaThread "Compiler Class File Writer" daemon [_thread_blocked, id=29484, stack(0x0000007b26e00000,0x0000007b26f00000) (1024K)]
  0x0000024e7e457a10 JavaThread "Compiler Class File Writer" daemon [_thread_blocked, id=15736, stack(0x0000007b26f00000,0x0000007b27000000) (1024K)]
  0x0000024e7e454c20 JavaThread "Compiler Class File Writer" daemon [_thread_blocked, id=39044, stack(0x0000007b27000000,0x0000007b27100000) (1024K)]
  0x0000024e7e4552b0 JavaThread "Compiler Class File Writer" daemon [_thread_blocked, id=24092, stack(0x0000007b27100000,0x0000007b27200000) (1024K)]
  0x0000024e7e45bbb0 JavaThread "Compiler Class File Writer" daemon [_thread_blocked, id=2440, stack(0x0000007b27200000,0x0000007b27300000) (1024K)]
  0x0000024e7e45a170 JavaThread "Compiler Class File Writer" daemon [_thread_blocked, id=28840, stack(0x0000007b27300000,0x0000007b27400000) (1024K)]
  0x0000024e7e45a800 JavaThread "Compiler Class File Writer" daemon [_thread_blocked, id=38452, stack(0x0000007b27400000,0x0000007b27500000) (1024K)]
  0x0000024e7e459450 JavaThread "Compiler Class File Writer" daemon [_thread_blocked, id=16780, stack(0x0000007b27500000,0x0000007b27600000) (1024K)]
  0x0000024e7e459ae0 JavaThread "Compiler Class File Writer" daemon [_thread_blocked, id=21416, stack(0x0000007b27600000,0x0000007b27700000) (1024K)]
  0x0000024e7e45b520 JavaThread "Compiler Class File Writer" daemon [_thread_blocked, id=24644, stack(0x0000007b27700000,0x0000007b27800000) (1024K)]
  0x0000024e7e45ae90 JavaThread "LocalFile Deleter"          daemon [_thread_blocked, id=37152, stack(0x0000007b27800000,0x0000007b27900000) (1024K)]
  0x0000024e7e458730 JavaThread "LocalFile Deleter"          daemon [_thread_blocked, id=38436, stack(0x0000007b27900000,0x0000007b27a00000) (1024K)]
  0x0000024e7e45c240 JavaThread "LocalFile Deleter"          daemon [_thread_blocked, id=19640, stack(0x0000007b27a00000,0x0000007b27b00000) (1024K)]
  0x0000024e7e458dc0 JavaThread "LocalFile Deleter"          daemon [_thread_blocked, id=40812, stack(0x0000007b27b00000,0x0000007b27c00000) (1024K)]
  0x0000024e7f63c1f0 JavaThread "LocalFile Deleter"          daemon [_thread_blocked, id=34004, stack(0x0000007b27c00000,0x0000007b27d00000) (1024K)]
  0x0000024e7f63a120 JavaThread "LocalFile Deleter"          daemon [_thread_blocked, id=31292, stack(0x0000007b27d00000,0x0000007b27e00000) (1024K)]
  0x0000024e7f638d70 JavaThread "LocalFile Deleter"          daemon [_thread_blocked, id=7164, stack(0x0000007b27e00000,0x0000007b27f00000) (1024K)]
  0x0000024e7f639a90 JavaThread "LocalFile Deleter"          daemon [_thread_blocked, id=31084, stack(0x0000007b27f00000,0x0000007b28000000) (1024K)]
Total: 110

Other Threads:
  0x0000024e6dfe9b60 VMThread "VM Thread"                           [id=21068, stack(0x0000007b20000000,0x0000007b20100000) (1024K)]
  0x0000024e6ddcca00 WatcherThread "VM Periodic Task Thread"        [id=7956, stack(0x0000007b1ff00000,0x0000007b20000000) (1024K)]
  0x0000024e6df5b6e0 WorkerThread "GC Thread#0"                     [id=20904, stack(0x0000007b1fe00000,0x0000007b1ff00000) (1024K)]
  0x0000024e7d3100f0 WorkerThread "GC Thread#1"                     [id=22572, stack(0x0000007b20f00000,0x0000007b21000000) (1024K)]
  0x0000024e7d68d5d0 WorkerThread "GC Thread#2"                     [id=35036, stack(0x0000007b21000000,0x0000007b21100000) (1024K)]
  0x0000024e7d68d980 WorkerThread "GC Thread#3"                     [id=37528, stack(0x0000007b21100000,0x0000007b21200000) (1024K)]
  0x0000024e7d68dd30 WorkerThread "GC Thread#4"                     [id=35816, stack(0x0000007b21200000,0x0000007b21300000) (1024K)]
  0x0000024e7d68e0e0 WorkerThread "GC Thread#5"                     [id=23624, stack(0x0000007b21300000,0x0000007b21400000) (1024K)]
  0x0000024e7d68e490 WorkerThread "GC Thread#6"                     [id=34128, stack(0x0000007b21400000,0x0000007b21500000) (1024K)]
  0x0000024e7d9ca880 WorkerThread "GC Thread#7"                     [id=30556, stack(0x0000007b21600000,0x0000007b21700000) (1024K)]
  0x0000024e7dadae80 WorkerThread "GC Thread#8"                     [id=19720, stack(0x0000007b20a00000,0x0000007b20b00000) (1024K)]
  0x0000024e7d3244d0 WorkerThread "GC Thread#9"                     [id=22388, stack(0x0000007b21700000,0x0000007b21800000) (1024K)]
  0x0000024e7d992560 WorkerThread "GC Thread#10"                    [id=26608, stack(0x0000007b21800000,0x0000007b21900000) (1024K)]
  0x0000024e7ddb9ff0 WorkerThread "GC Thread#11"                    [id=33956, stack(0x0000007b22000000,0x0000007b22100000) (1024K)]
  0x0000024e7ddb9c40 WorkerThread "GC Thread#12"                    [id=10112, stack(0x0000007b22100000,0x0000007b22200000) (1024K)]
  0x0000024e7ddba3a0 WorkerThread "GC Thread#13"                    [id=23112, stack(0x0000007b22200000,0x0000007b22300000) (1024K)]
  0x0000024e7ddba750 WorkerThread "GC Thread#14"                    [id=8136, stack(0x0000007b22500000,0x0000007b22600000) (1024K)]
  0x0000024e7ddb8d80 WorkerThread "GC Thread#15"                    [id=11856, stack(0x0000007b22700000,0x0000007b22800000) (1024K)]
Total: 18

Threads with active compile tasks:
C2 CompilerThread0  28861 10406       4       org.eclipse.jdt.internal.compiler.parser.Parser::consumeRule (7843 bytes)
C1 CompilerThread0  28861 10582   !   3       org.eclipse.jdt.internal.core.builder.ClasspathJar::getManifest (98 bytes)
C1 CompilerThread1  28861 10581       3       jdk.nio.zipfs.ZipPath::resolve (108 bytes)
Total: 3

VM state: at safepoint (normal execution)

VM Mutex/Monitor currently owned by a thread:  ([mutex/lock_event])
[0x00007ffbb9caf570] Threads_lock - owner thread: 0x0000024e6dfe9b60
[0x00007ffbb9caf670] Heap_lock - owner thread: 0x0000024e7e3f7260
[0x00007ffbb9cafaf0] PSOldGenExpand_lock - owner thread: 0x0000024e7d68e0e0

Heap address: 0x0000000080000000, size: 2048 MB, Compressed Oops mode: 32-bit

CDS archive(s) mapped at: [0x0000024e0f000000-0x0000024e0fba0000-0x0000024e0fba0000), size 12189696, SharedBaseAddress: 0x0000024e0f000000, ArchiveRelocationMode: 1.
Compressed class space mapped at: 0x0000024e10000000-0x0000024e50000000, reserved size: 1073741824
Narrow klass base: 0x0000024e0f000000, Narrow klass shift: 0, Narrow klass range: 0x100000000

GC Precious Log:
 CardTable entry size: 512
 CPUs: 22 total, 22 available
 Memory: 15894M
 Large Page Support: Disabled
 NUMA Support: Disabled
 Compressed Oops: Enabled (32-bit)
 Alignments: Space 512K, Generation 512K, Heap 2M
 Heap Min Capacity: 100M
 Heap Initial Capacity: 100M
 Heap Max Capacity: 2G
 Pre-touch: Disabled
 Parallel Workers: 16

Heap:
 PSYoungGen      total 20992K, used 20610K [0x00000000d5580000, 0x00000000d7380000, 0x0000000100000000)
  eden space 15360K, 100% used [0x00000000d5580000,0x00000000d6480000,0x00000000d6480000)
  from space 5632K, 93% used [0x00000000d6e00000,0x00000000d7320998,0x00000000d7380000)
  to   space 6656K, 99% used [0x00000000d6680000,0x00000000d6cfed80,0x00000000d6d00000)
 ParOldGen       total 69632K, used 69630K [0x0000000080000000, 0x0000000084400000, 0x00000000d5580000)
  object space 69632K, 99% used [0x0000000080000000,0x00000000843ffbc0,0x0000000084400000)
 Metaspace       used 58005K, committed 59264K, reserved 1114112K
  class space    used 6092K, committed 6656K, reserved 1048576K

Card table byte_map: [0x0000024e6d8e0000,0x0000024e6dcf0000] _byte_map_base: 0x0000024e6d4e0000

Marking Bits: (ParMarkBitMap*) 0x00007ffbb9cb4460
 Begin Bits: [0x0000024e713f0000, 0x0000024e733f0000)
 End Bits:   [0x0000024e733f0000, 0x0000024e753f0000)

Polling page: 0x0000024e6bd50000

Metaspace:

Usage:
  Non-class:     50.70 MB used.
      Class:      5.95 MB used.
       Both:     56.65 MB used.

Virtual space:
  Non-class space:       64.00 MB reserved,      51.38 MB ( 80%) committed,  1 nodes.
      Class space:        1.00 GB reserved,       6.50 MB ( <1%) committed,  1 nodes.
             Both:        1.06 GB reserved,      57.88 MB (  5%) committed. 

Chunk freelists:
   Non-Class:  11.72 MB
       Class:  9.45 MB
        Both:  21.17 MB

MaxMetaspaceSize: unlimited
CompressedClassSpaceSize: 1.00 GB
Initial GC threshold: 21.00 MB
Current GC threshold: 58.38 MB
CDS: on
 - commit_granule_bytes: 65536.
 - commit_granule_words: 8192.
 - virtual_space_node_default_size: 8388608.
 - enlarge_chunks_in_place: 1.
 - use_allocation_guard: 0.


Internal statistics:

num_allocs_failed_limit: 6.
num_arena_births: 988.
num_arena_deaths: 30.
num_vsnodes_births: 2.
num_vsnodes_deaths: 0.
num_space_committed: 926.
num_space_uncommitted: 0.
num_chunks_returned_to_freelist: 41.
num_chunks_taken_from_freelist: 3686.
num_chunk_merges: 13.
num_chunk_splits: 2238.
num_chunks_enlarged: 1272.
num_inconsistent_stats: 0.

CodeHeap 'non-profiled nmethods': size=119168Kb used=5394Kb max_used=5394Kb free=113773Kb
 bounds [0x0000024e07ba0000, 0x0000024e080f0000, 0x0000024e0f000000]
CodeHeap 'profiled nmethods': size=119104Kb used=23912Kb max_used=23912Kb free=95191Kb
 bounds [0x0000024e00000000, 0x0000024e01760000, 0x0000024e07450000]
CodeHeap 'non-nmethods': size=7488Kb used=1980Kb max_used=3128Kb free=5508Kb
 bounds [0x0000024e07450000, 0x0000024e07770000, 0x0000024e07ba0000]
CodeCache: size=245760Kb, used=31286Kb, max_used=32434Kb, free=214472Kb
 total_blobs=10700, nmethods=9974, adapters=630, full_count=0
Compilation: enabled, stopped_count=0, restarted_count=0

Compilation events (20 events):
Event: 27.774 Thread 0x0000024e7d2bd2c0 10555       3       jdk.nio.zipfs.ZipFileSystem$ParentLookup::name (43 bytes)
Event: 27.774 Thread 0x0000024e6deea0b0 10554       3       jdk.nio.zipfs.ZipFileSystem::getParentOff (40 bytes)
Event: 27.774 Thread 0x0000024e7f65ccc0 10556       3       java.util.Arrays::equals (56 bytes)
Event: 27.774 Thread 0x0000024e7d2bd2c0 nmethod 10555 0x0000024e01752b90 code [0x0000024e01752d40, 0x0000024e01752f50]
Event: 27.774 Thread 0x0000024e7f65ccc0 nmethod 10556 0x0000024e01753090 code [0x0000024e01753260, 0x0000024e017534f0]
Event: 27.774 Thread 0x0000024e6deea0b0 nmethod 10554 0x0000024e01753610 code [0x0000024e017537c0, 0x0000024e01753a20]
Event: 27.774 Thread 0x0000024e7d2bd2c0 10558       3       jdk.nio.zipfs.ZipFileSystem::makeParentDirs (133 bytes)
Event: 27.774 Thread 0x0000024e6deea0b0 10557       3       jdk.nio.zipfs.ZipFileSystem$ParentLookup::as (8 bytes)
Event: 27.774 Thread 0x0000024e7f65ccc0 10559       3       jdk.nio.zipfs.ZipFileSystem$ParentLookup::<init> (5 bytes)
Event: 27.774 Thread 0x0000024e6deea0b0 nmethod 10557 0x0000024e01753b10 code [0x0000024e01753cc0, 0x0000024e01753e10]
Event: 27.774 Thread 0x0000024e7f65ccc0 nmethod 10559 0x0000024e01753f10 code [0x0000024e017540c0, 0x0000024e01754290]
Event: 27.774 Thread 0x0000024e7f65ccc0 10560       3       jdk.nio.zipfs.ZipFileSystem$IndexNode::<init> (10 bytes)
Event: 27.774 Thread 0x0000024e7f65ccc0 nmethod 10560 0x0000024e01754390 code [0x0000024e01754540, 0x0000024e017546b0]
Event: 27.774 Thread 0x0000024e6deea0b0 10561       3       jdk.nio.zipfs.ZipFileSystem$ParentLookup::equals (34 bytes)
Event: 27.775 Thread 0x0000024e7f65ccc0 10563       3       java.util.Arrays::hashCode (60 bytes)
Event: 27.775 Thread 0x0000024e6deea0b0 nmethod 10561 0x0000024e01754790 code [0x0000024e01754960, 0x0000024e01754d10]
Event: 27.775 Thread 0x0000024e7f65ccc0 nmethod 10563 0x0000024e01754e10 code [0x0000024e01754fe0, 0x0000024e01755268]
Event: 27.775 Thread 0x0000024e7d2bd2c0 nmethod 10558 0x0000024e01755390 code [0x0000024e01755620, 0x0000024e01756128]
Event: 27.810 Thread 0x0000024e7d2bd2c0 10568       3       sun.nio.fs.WindowsFileSystemProvider::readAttributes (63 bytes)
Event: 27.810 Thread 0x0000024e7d2bd2c0 nmethod 10568 0x0000024e01756610 code [0x0000024e01756820, 0x0000024e01756e28]

GC Heap History (20 events):
Event: 20.520 GC heap before
{Heap before GC invocations=33 (full 2):
 PSYoungGen      total 23552K, used 23453K [0x00000000d5580000, 0x00000000d6f00000, 0x0000000100000000)
  eden space 21504K, 100% used [0x00000000d5580000,0x00000000d6a80000,0x00000000d6a80000)
  from space 2048K, 95% used [0x00000000d6d00000,0x00000000d6ee7588,0x00000000d6f00000)
  to   space 2048K, 0% used [0x00000000d6b00000,0x00000000d6b00000,0x00000000d6d00000)
 ParOldGen       total 68608K, used 42082K [0x0000000080000000, 0x0000000084300000, 0x00000000d5580000)
  object space 68608K, 61% used [0x0000000080000000,0x00000000829189f0,0x0000000084300000)
 Metaspace       used 50955K, committed 52096K, reserved 1114112K
  class space    used 5478K, committed 5952K, reserved 1048576K
}
Event: 20.523 GC heap after
{Heap after GC invocations=33 (full 2):
 PSYoungGen      total 22528K, used 872K [0x00000000d5580000, 0x00000000d6d80000, 0x0000000100000000)
  eden space 21504K, 0% used [0x00000000d5580000,0x00000000d5580000,0x00000000d6a80000)
  from space 1024K, 85% used [0x00000000d6b00000,0x00000000d6bda308,0x00000000d6c00000)
  to   space 1536K, 0% used [0x00000000d6c00000,0x00000000d6c00000,0x00000000d6d80000)
 ParOldGen       total 68608K, used 43545K [0x0000000080000000, 0x0000000084300000, 0x00000000d5580000)
  object space 68608K, 63% used [0x0000000080000000,0x0000000082a86578,0x0000000084300000)
 Metaspace       used 50955K, committed 52096K, reserved 1114112K
  class space    used 5478K, committed 5952K, reserved 1048576K
}
Event: 21.837 GC heap before
{Heap before GC invocations=34 (full 2):
 PSYoungGen      total 22528K, used 22376K [0x00000000d5580000, 0x00000000d6d80000, 0x0000000100000000)
  eden space 21504K, 100% used [0x00000000d5580000,0x00000000d6a80000,0x00000000d6a80000)
  from space 1024K, 85% used [0x00000000d6b00000,0x00000000d6bda308,0x00000000d6c00000)
  to   space 1536K, 0% used [0x00000000d6c00000,0x00000000d6c00000,0x00000000d6d80000)
 ParOldGen       total 68608K, used 43545K [0x0000000080000000, 0x0000000084300000, 0x00000000d5580000)
  object space 68608K, 63% used [0x0000000080000000,0x0000000082a86578,0x0000000084300000)
 Metaspace       used 52366K, committed 53568K, reserved 1114112K
  class space    used 5612K, committed 6080K, reserved 1048576K
}
Event: 21.839 GC heap after
{Heap after GC invocations=34 (full 2):
 PSYoungGen      total 23040K, used 1110K [0x00000000d5580000, 0x00000000d6d80000, 0x0000000100000000)
  eden space 21504K, 0% used [0x00000000d5580000,0x00000000d5580000,0x00000000d6a80000)
  from space 1536K, 72% used [0x00000000d6c00000,0x00000000d6d15a30,0x00000000d6d80000)
  to   space 1536K, 0% used [0x00000000d6a80000,0x00000000d6a80000,0x00000000d6c00000)
 ParOldGen       total 68608K, used 44132K [0x0000000080000000, 0x0000000084300000, 0x00000000d5580000)
  object space 68608K, 64% used [0x0000000080000000,0x0000000082b19138,0x0000000084300000)
 Metaspace       used 52366K, committed 53568K, reserved 1114112K
  class space    used 5612K, committed 6080K, reserved 1048576K
}
Event: 23.005 GC heap before
{Heap before GC invocations=35 (full 2):
 PSYoungGen      total 23040K, used 22614K [0x00000000d5580000, 0x00000000d6d80000, 0x0000000100000000)
  eden space 21504K, 100% used [0x00000000d5580000,0x00000000d6a80000,0x00000000d6a80000)
  from space 1536K, 72% used [0x00000000d6c00000,0x00000000d6d15a30,0x00000000d6d80000)
  to   space 1536K, 0% used [0x00000000d6a80000,0x00000000d6a80000,0x00000000d6c00000)
 ParOldGen       total 68608K, used 44132K [0x0000000080000000, 0x0000000084300000, 0x00000000d5580000)
  object space 68608K, 64% used [0x0000000080000000,0x0000000082b19138,0x0000000084300000)
 Metaspace       used 53238K, committed 54528K, reserved 1114112K
  class space    used 5709K, committed 6272K, reserved 1048576K
}
Event: 23.007 GC heap after
{Heap after GC invocations=35 (full 2):
 PSYoungGen      total 23040K, used 1534K [0x00000000d5580000, 0x00000000d7480000, 0x0000000100000000)
  eden space 21504K, 0% used [0x00000000d5580000,0x00000000d5580000,0x00000000d6a80000)
  from space 1536K, 99% used [0x00000000d6a80000,0x00000000d6bff850,0x00000000d6c00000)
  to   space 5120K, 0% used [0x00000000d6f80000,0x00000000d6f80000,0x00000000d7480000)
 ParOldGen       total 68608K, used 47019K [0x0000000080000000, 0x0000000084300000, 0x00000000d5580000)
  object space 68608K, 68% used [0x0000000080000000,0x0000000082deae90,0x0000000084300000)
 Metaspace       used 53238K, committed 54528K, reserved 1114112K
  class space    used 5709K, committed 6272K, reserved 1048576K
}
Event: 24.269 GC heap before
{Heap before GC invocations=36 (full 2):
 PSYoungGen      total 23040K, used 23038K [0x00000000d5580000, 0x00000000d7480000, 0x0000000100000000)
  eden space 21504K, 100% used [0x00000000d5580000,0x00000000d6a80000,0x00000000d6a80000)
  from space 1536K, 99% used [0x00000000d6a80000,0x00000000d6bff850,0x00000000d6c00000)
  to   space 5120K, 0% used [0x00000000d6f80000,0x00000000d6f80000,0x00000000d7480000)
 ParOldGen       total 68608K, used 47019K [0x0000000080000000, 0x0000000084300000, 0x00000000d5580000)
  object space 68608K, 68% used [0x0000000080000000,0x0000000082deae90,0x0000000084300000)
 Metaspace       used 54600K, committed 55872K, reserved 1114112K
  class space    used 5815K, committed 6400K, reserved 1048576K
}
Event: 24.275 GC heap after
{Heap after GC invocations=36 (full 2):
 PSYoungGen      total 22528K, used 5090K [0x00000000d5580000, 0x00000000d7c80000, 0x0000000100000000)
  eden space 17408K, 0% used [0x00000000d5580000,0x00000000d5580000,0x00000000d6680000)
  from space 5120K, 99% used [0x00000000d6f80000,0x00000000d7478900,0x00000000d7480000)
  to   space 9216K, 0% used [0x00000000d6680000,0x00000000d6680000,0x00000000d6f80000)
 ParOldGen       total 68608K, used 49890K [0x0000000080000000, 0x0000000084300000, 0x00000000d5580000)
  object space 68608K, 72% used [0x0000000080000000,0x00000000830b8b78,0x0000000084300000)
 Metaspace       used 54600K, committed 55872K, reserved 1114112K
  class space    used 5815K, committed 6400K, reserved 1048576K
}
Event: 24.878 GC heap before
{Heap before GC invocations=37 (full 2):
 PSYoungGen      total 22528K, used 22498K [0x00000000d5580000, 0x00000000d7c80000, 0x0000000100000000)
  eden space 17408K, 100% used [0x00000000d5580000,0x00000000d6680000,0x00000000d6680000)
  from space 5120K, 99% used [0x00000000d6f80000,0x00000000d7478900,0x00000000d7480000)
  to   space 9216K, 0% used [0x00000000d6680000,0x00000000d6680000,0x00000000d6f80000)
 ParOldGen       total 68608K, used 49890K [0x0000000080000000, 0x0000000084300000, 0x00000000d5580000)
  object space 68608K, 72% used [0x0000000080000000,0x00000000830b8b78,0x0000000084300000)
 Metaspace       used 54724K, committed 56000K, reserved 1114112K
  class space    used 5820K, committed 6400K, reserved 1048576K
}
Event: 24.880 GC heap after
{Heap after GC invocations=37 (full 2):
 PSYoungGen      total 22528K, used 4663K [0x00000000d5580000, 0x00000000d7280000, 0x0000000100000000)
  eden space 17408K, 0% used [0x00000000d5580000,0x00000000d5580000,0x00000000d6680000)
  from space 5120K, 91% used [0x00000000d6680000,0x00000000d6b0df28,0x00000000d6b80000)
  to   space 6144K, 0% used [0x00000000d6c80000,0x00000000d6c80000,0x00000000d7280000)
 ParOldGen       total 68608K, used 50797K [0x0000000080000000, 0x0000000084300000, 0x00000000d5580000)
  object space 68608K, 74% used [0x0000000080000000,0x000000008319b5a0,0x0000000084300000)
 Metaspace       used 54724K, committed 56000K, reserved 1114112K
  class space    used 5820K, committed 6400K, reserved 1048576K
}
Event: 25.704 GC heap before
{Heap before GC invocations=38 (full 2):
 PSYoungGen      total 22528K, used 21984K [0x00000000d5580000, 0x00000000d7280000, 0x0000000100000000)
  eden space 17408K, 99% used [0x00000000d5580000,0x00000000d666a138,0x00000000d6680000)
  from space 5120K, 91% used [0x00000000d6680000,0x00000000d6b0df28,0x00000000d6b80000)
  to   space 6144K, 0% used [0x00000000d6c80000,0x00000000d6c80000,0x00000000d7280000)
 ParOldGen       total 68608K, used 50797K [0x0000000080000000, 0x0000000084300000, 0x00000000d5580000)
  object space 68608K, 74% used [0x0000000080000000,0x000000008319b5a0,0x0000000084300000)
 Metaspace       used 55238K, committed 56512K, reserved 1114112K
  class space    used 5874K, committed 6464K, reserved 1048576K
}
Event: 25.707 GC heap after
{Heap after GC invocations=38 (full 2):
 PSYoungGen      total 20480K, used 2651K [0x00000000d5580000, 0x00000000d6f80000, 0x0000000100000000)
  eden space 17408K, 0% used [0x00000000d5580000,0x00000000d5580000,0x00000000d6680000)
  from space 3072K, 86% used [0x00000000d6c80000,0x00000000d6f16eb8,0x00000000d6f80000)
  to   space 4096K, 0% used [0x00000000d6780000,0x00000000d6780000,0x00000000d6b80000)
 ParOldGen       total 68608K, used 55162K [0x0000000080000000, 0x0000000084300000, 0x00000000d5580000)
  object space 68608K, 80% used [0x0000000080000000,0x00000000835de850,0x0000000084300000)
 Metaspace       used 55238K, committed 56512K, reserved 1114112K
  class space    used 5874K, committed 6464K, reserved 1048576K
}
Event: 25.942 GC heap before
{Heap before GC invocations=39 (full 2):
 PSYoungGen      total 20480K, used 20059K [0x00000000d5580000, 0x00000000d6f80000, 0x0000000100000000)
  eden space 17408K, 100% used [0x00000000d5580000,0x00000000d6680000,0x00000000d6680000)
  from space 3072K, 86% used [0x00000000d6c80000,0x00000000d6f16eb8,0x00000000d6f80000)
  to   space 4096K, 0% used [0x00000000d6780000,0x00000000d6780000,0x00000000d6b80000)
 ParOldGen       total 68608K, used 55162K [0x0000000080000000, 0x0000000084300000, 0x00000000d5580000)
  object space 68608K, 80% used [0x0000000080000000,0x00000000835de850,0x0000000084300000)
 Metaspace       used 55773K, committed 57024K, reserved 1114112K
  class space    used 5923K, committed 6464K, reserved 1048576K
}
Event: 25.945 GC heap after
{Heap after GC invocations=39 (full 2):
 PSYoungGen      total 20480K, used 2802K [0x00000000d5580000, 0x00000000d6d00000, 0x0000000100000000)
  eden space 17408K, 0% used [0x00000000d5580000,0x00000000d5580000,0x00000000d6680000)
  from space 3072K, 91% used [0x00000000d6780000,0x00000000d6a3c948,0x00000000d6a80000)
  to   space 2560K, 0% used [0x00000000d6a80000,0x00000000d6a80000,0x00000000d6d00000)
 ParOldGen       total 68608K, used 57394K [0x0000000080000000, 0x0000000084300000, 0x00000000d5580000)
  object space 68608K, 83% used [0x0000000080000000,0x000000008380c8a0,0x0000000084300000)
 Metaspace       used 55773K, committed 57024K, reserved 1114112K
  class space    used 5923K, committed 6464K, reserved 1048576K
}
Event: 26.278 GC heap before
{Heap before GC invocations=40 (full 2):
 PSYoungGen      total 20480K, used 20210K [0x00000000d5580000, 0x00000000d6d00000, 0x0000000100000000)
  eden space 17408K, 100% used [0x00000000d5580000,0x00000000d6680000,0x00000000d6680000)
  from space 3072K, 91% used [0x00000000d6780000,0x00000000d6a3c948,0x00000000d6a80000)
  to   space 2560K, 0% used [0x00000000d6a80000,0x00000000d6a80000,0x00000000d6d00000)
 ParOldGen       total 68608K, used 57394K [0x0000000080000000, 0x0000000084300000, 0x00000000d5580000)
  object space 68608K, 83% used [0x0000000080000000,0x000000008380c8a0,0x0000000084300000)
 Metaspace       used 56827K, committed 58048K, reserved 1114112K
  class space    used 5968K, committed 6528K, reserved 1048576K
}
Event: 26.283 GC heap after
{Heap after GC invocations=40 (full 2):
 PSYoungGen      total 17920K, used 2541K [0x00000000d5580000, 0x00000000d7280000, 0x0000000100000000)
  eden space 15360K, 0% used [0x00000000d5580000,0x00000000d5580000,0x00000000d6480000)
  from space 2560K, 99% used [0x00000000d6a80000,0x00000000d6cfb7d8,0x00000000d6d00000)
  to   space 6144K, 0% used [0x00000000d6480000,0x00000000d6480000,0x00000000d6a80000)
 ParOldGen       total 68608K, used 60130K [0x0000000080000000, 0x0000000084300000, 0x00000000d5580000)
  object space 68608K, 87% used [0x0000000080000000,0x0000000083ab89f0,0x0000000084300000)
 Metaspace       used 56827K, committed 58048K, reserved 1114112K
  class space    used 5968K, committed 6528K, reserved 1048576K
}
Event: 27.515 GC heap before
{Heap before GC invocations=41 (full 2):
 PSYoungGen      total 17920K, used 17901K [0x00000000d5580000, 0x00000000d7280000, 0x0000000100000000)
  eden space 15360K, 100% used [0x00000000d5580000,0x00000000d6480000,0x00000000d6480000)
  from space 2560K, 99% used [0x00000000d6a80000,0x00000000d6cfb7d8,0x00000000d6d00000)
  to   space 6144K, 0% used [0x00000000d6480000,0x00000000d6480000,0x00000000d6a80000)
 ParOldGen       total 68608K, used 60130K [0x0000000080000000, 0x0000000084300000, 0x00000000d5580000)
  object space 68608K, 87% used [0x0000000080000000,0x0000000083ab89f0,0x0000000084300000)
 Metaspace       used 57568K, committed 58752K, reserved 1114112K
  class space    used 6049K, committed 6592K, reserved 1048576K
}
Event: 27.518 GC heap after
{Heap after GC invocations=41 (full 2):
 PSYoungGen      total 21504K, used 6139K [0x00000000d5580000, 0x00000000d7780000, 0x0000000100000000)
  eden space 15360K, 0% used [0x00000000d5580000,0x00000000d5580000,0x00000000d6480000)
  from space 6144K, 99% used [0x00000000d6480000,0x00000000d6a7ecd0,0x00000000d6a80000)
  to   space 9728K, 0% used [0x00000000d6e00000,0x00000000d6e00000,0x00000000d7780000)
 ParOldGen       total 68608K, used 62778K [0x0000000080000000, 0x0000000084300000, 0x00000000d5580000)
  object space 68608K, 91% used [0x0000000080000000,0x0000000083d4eba8,0x0000000084300000)
 Metaspace       used 57568K, committed 58752K, reserved 1114112K
  class space    used 6049K, committed 6592K, reserved 1048576K
}
Event: 27.714 GC heap before
{Heap before GC invocations=42 (full 2):
 PSYoungGen      total 21504K, used 21499K [0x00000000d5580000, 0x00000000d7780000, 0x0000000100000000)
  eden space 15360K, 100% used [0x00000000d5580000,0x00000000d6480000,0x00000000d6480000)
  from space 6144K, 99% used [0x00000000d6480000,0x00000000d6a7ecd0,0x00000000d6a80000)
  to   space 9728K, 0% used [0x00000000d6e00000,0x00000000d6e00000,0x00000000d7780000)
 ParOldGen       total 68608K, used 62778K [0x0000000080000000, 0x0000000084300000, 0x00000000d5580000)
  object space 68608K, 91% used [0x0000000080000000,0x0000000083d4eba8,0x0000000084300000)
 Metaspace       used 57946K, committed 59200K, reserved 1114112K
  class space    used 6085K, committed 6656K, reserved 1048576K
}
Event: 27.720 GC heap after
{Heap after GC invocations=42 (full 2):
 PSYoungGen      total 20992K, used 5250K [0x00000000d5580000, 0x00000000d7380000, 0x0000000100000000)
  eden space 15360K, 0% used [0x00000000d5580000,0x00000000d5580000,0x00000000d6480000)
  from space 5632K, 93% used [0x00000000d6e00000,0x00000000d7320998,0x00000000d7380000)
  to   space 6656K, 0% used [0x00000000d6680000,0x00000000d6680000,0x00000000d6d00000)
 ParOldGen       total 68608K, used 64267K [0x0000000080000000, 0x0000000084300000, 0x00000000d5580000)
  object space 68608K, 93% used [0x0000000080000000,0x0000000083ec2fc0,0x0000000084300000)
 Metaspace       used 57946K, committed 59200K, reserved 1114112K
  class space    used 6085K, committed 6656K, reserved 1048576K
}

Dll operation events (10 events):
Event: 0.018 Loaded shared library c:\Users\USER\.antigravity-ide\extensions\redhat.java-1.55.0-win32-x64\jre\21.0.11-win32-x86_64\bin\java.dll
Event: 0.141 Loaded shared library c:\Users\USER\.antigravity-ide\extensions\redhat.java-1.55.0-win32-x64\jre\21.0.11-win32-x86_64\bin\zip.dll
Event: 0.180 Loaded shared library C:\Users\USER\.antigravity-ide\extensions\redhat.java-1.55.0-win32-x64\jre\21.0.11-win32-x86_64\bin\instrument.dll
Event: 0.189 Loaded shared library C:\Users\USER\.antigravity-ide\extensions\redhat.java-1.55.0-win32-x64\jre\21.0.11-win32-x86_64\bin\net.dll
Event: 0.194 Loaded shared library C:\Users\USER\.antigravity-ide\extensions\redhat.java-1.55.0-win32-x64\jre\21.0.11-win32-x86_64\bin\nio.dll
Event: 0.200 Loaded shared library C:\Users\USER\.antigravity-ide\extensions\redhat.java-1.55.0-win32-x64\jre\21.0.11-win32-x86_64\bin\zip.dll
Event: 0.229 Loaded shared library C:\Users\USER\.antigravity-ide\extensions\redhat.java-1.55.0-win32-x64\jre\21.0.11-win32-x86_64\bin\jimage.dll
Event: 0.364 Loaded shared library c:\Users\USER\.antigravity-ide\extensions\redhat.java-1.55.0-win32-x64\jre\21.0.11-win32-x86_64\bin\verify.dll
Event: 6.603 Loaded shared library C:\Users\USER\AppData\Roaming\Antigravity IDE\User\globalStorage\redhat.java\1.55.0\config_win\org.eclipse.equinox.launcher\org.eclipse.equinox.launcher.win32.win32.x86_64_1.3.100.v20260613-0559\eclipse_11924.dll
Event: 13.829 Loaded shared library C:\Users\USER\AppData\Local\Temp\jna-2614219\jna11039676167899574968.dll

Deoptimization events (20 events):
Event: 27.590 Thread 0x0000024e7f338ab0 Uncommon trap: trap_request=0xffffffde fr.pc=0x0000024e07cf6dec relative=0x000000000000038c
Event: 27.590 Thread 0x0000024e7f338ab0 Uncommon trap: reason=class_check action=maybe_recompile pc=0x0000024e07cf6dec method=java.io.InputStream.read([BII)I @ 15 c2
Event: 27.590 Thread 0x0000024e7f338ab0 DEOPT PACKING pc=0x0000024e07cf6dec sp=0x0000007b24afe8e0
Event: 27.590 Thread 0x0000024e7f338ab0 DEOPT UNPACKING pc=0x0000024e074a3aa2 sp=0x0000007b24afe888 mode 2
Event: 27.590 Thread 0x0000024e7f338ab0 Uncommon trap: trap_request=0xffffff45 fr.pc=0x0000024e07e8022c relative=0x00000000000000ec
Event: 27.590 Thread 0x0000024e7f338ab0 Uncommon trap: reason=unstable_if action=reinterpret pc=0x0000024e07e8022c method=com.google.gson.stream.JsonReader.nextString()Ljava/lang/String; @ 6 c2
Event: 27.590 Thread 0x0000024e7f338ab0 DEOPT PACKING pc=0x0000024e07e8022c sp=0x0000007b24afec40
Event: 27.590 Thread 0x0000024e7f338ab0 DEOPT UNPACKING pc=0x0000024e074a3aa2 sp=0x0000007b24afebd0 mode 2
Event: 27.660 Thread 0x0000024e7e3f7260 Uncommon trap: trap_request=0xffffff45 fr.pc=0x0000024e07d75d7c relative=0x0000000000001fbc
Event: 27.660 Thread 0x0000024e7e3f7260 Uncommon trap: reason=unstable_if action=reinterpret pc=0x0000024e07d75d7c method=org.eclipse.core.internal.dtree.AbstractDataTreeNode.assembleWith([Lorg/eclipse/core/internal/dtree/AbstractDataTreeNode;[Lorg/eclipse/core/internal/dtree/AbstractDataTreeNo
Event: 27.660 Thread 0x0000024e7e3f7260 DEOPT PACKING pc=0x0000024e07d75d7c sp=0x0000007b229fe350
Event: 27.660 Thread 0x0000024e7e3f7260 DEOPT UNPACKING pc=0x0000024e074a3aa2 sp=0x0000007b229fe318 mode 2
Event: 27.690 Thread 0x0000024e7e3f7f80 Uncommon trap: trap_request=0xffffff45 fr.pc=0x0000024e080dc804 relative=0x00000000000001e4
Event: 27.690 Thread 0x0000024e7e3f7f80 Uncommon trap: reason=unstable_if action=reinterpret pc=0x0000024e080dc804 method=jdk.nio.zipfs.ZipFileSystem$IndexNode.normalize([B)[B @ 66 c2
Event: 27.690 Thread 0x0000024e7e3f7f80 DEOPT PACKING pc=0x0000024e080dc804 sp=0x0000007b22afe7f0
Event: 27.690 Thread 0x0000024e7e3f7f80 DEOPT UNPACKING pc=0x0000024e074a3aa2 sp=0x0000007b22afe758 mode 2
Event: 27.771 Thread 0x0000024e7e3f7f80 Uncommon trap: trap_request=0xffffff45 fr.pc=0x0000024e080dfdfc relative=0x000000000000023c
Event: 27.771 Thread 0x0000024e7e3f7f80 Uncommon trap: reason=unstable_if action=reinterpret pc=0x0000024e080dfdfc method=java.util.Arrays.hashCode([B)I @ 8 c2
Event: 27.771 Thread 0x0000024e7e3f7f80 DEOPT PACKING pc=0x0000024e080dfdfc sp=0x0000007b22afe810
Event: 27.771 Thread 0x0000024e7e3f7f80 DEOPT UNPACKING pc=0x0000024e074a3aa2 sp=0x0000007b22afe7a8 mode 2

Classes loaded (20 events):
Event: 25.896 Loading class java/util/stream/Nodes$IntFixedNodeBuilder
Event: 25.896 Loading class java/util/stream/Node$Builder$OfInt
Event: 25.897 Loading class java/util/stream/Node$Builder$OfInt done
Event: 25.897 Loading class java/util/stream/Nodes$IntArrayNode
Event: 25.897 Loading class java/util/stream/Nodes$IntArrayNode done
Event: 25.897 Loading class java/util/stream/Nodes$IntFixedNodeBuilder done
Event: 25.897 Loading class java/util/stream/ReferencePipeline$4$1
Event: 25.897 Loading class java/util/stream/ReferencePipeline$4$1 done
Event: 27.231 Loading class java/util/concurrent/CompletableFuture$AltResult
Event: 27.233 Loading class java/util/concurrent/CompletableFuture$AltResult done
Event: 27.234 Loading class java/util/concurrent/CompletableFuture$Completion
Event: 27.235 Loading class java/util/concurrent/CompletableFuture$AsynchronousCompletionTask
Event: 27.235 Loading class java/util/concurrent/CompletableFuture$AsynchronousCompletionTask done
Event: 27.235 Loading class java/util/concurrent/CompletableFuture$Completion done
Event: 27.297 Loading class jdk/internal/math/FormattedFPDecimal
Event: 27.297 Loading class jdk/internal/math/FormattedFPDecimal done
Event: 27.606 Loading class java/nio/file/attribute/PosixFileAttributes
Event: 27.606 Loading class java/nio/file/attribute/PosixFileAttributes done
Event: 27.644 Loading class java/nio/file/attribute/PosixFileAttributeView
Event: 27.645 Loading class java/nio/file/attribute/PosixFileAttributeView done

Classes unloaded (15 events):
Event: 14.557 Thread 0x0000024e6dfe9b60 Unloading class 0x0000024e101ad400 'java/lang/invoke/LambdaForm$MH+0x0000024e101ad400'
Event: 14.557 Thread 0x0000024e6dfe9b60 Unloading class 0x0000024e101ad000 'java/lang/invoke/LambdaForm$MH+0x0000024e101ad000'
Event: 14.557 Thread 0x0000024e6dfe9b60 Unloading class 0x0000024e101acc00 'java/lang/invoke/LambdaForm$MH+0x0000024e101acc00'
Event: 14.557 Thread 0x0000024e6dfe9b60 Unloading class 0x0000024e101ac800 'java/lang/invoke/LambdaForm$MH+0x0000024e101ac800'
Event: 14.557 Thread 0x0000024e6dfe9b60 Unloading class 0x0000024e101ac400 'java/lang/invoke/LambdaForm$BMH+0x0000024e101ac400'
Event: 14.557 Thread 0x0000024e6dfe9b60 Unloading class 0x0000024e101ac000 'java/lang/invoke/LambdaForm$DMH+0x0000024e101ac000'
Event: 14.557 Thread 0x0000024e6dfe9b60 Unloading class 0x0000024e101aac00 'java/lang/invoke/LambdaForm$DMH+0x0000024e101aac00'
Event: 16.251 Thread 0x0000024e6dfe9b60 Unloading class 0x0000024e10323400 'java/lang/invoke/LambdaForm$MH+0x0000024e10323400'
Event: 16.251 Thread 0x0000024e6dfe9b60 Unloading class 0x0000024e10322c00 'java/lang/invoke/LambdaForm$MH+0x0000024e10322c00'
Event: 16.251 Thread 0x0000024e6dfe9b60 Unloading class 0x0000024e10321c00 'java/lang/invoke/LambdaForm$MH+0x0000024e10321c00'
Event: 16.251 Thread 0x0000024e6dfe9b60 Unloading class 0x0000024e10321800 'java/lang/invoke/LambdaForm$DMH+0x0000024e10321800'
Event: 16.251 Thread 0x0000024e6dfe9b60 Unloading class 0x0000024e10320c00 'java/lang/invoke/LambdaForm$MH+0x0000024e10320c00'
Event: 16.251 Thread 0x0000024e6dfe9b60 Unloading class 0x0000024e1031d400 'java/lang/invoke/LambdaForm$MH+0x0000024e1031d400'
Event: 16.251 Thread 0x0000024e6dfe9b60 Unloading class 0x0000024e1031cc00 'java/lang/invoke/LambdaForm$MH+0x0000024e1031cc00'
Event: 16.251 Thread 0x0000024e6dfe9b60 Unloading class 0x0000024e1031c400 'java/lang/invoke/LambdaForm$MH+0x0000024e1031c400'

Classes redefined (0 events):
No events

Internal exceptions (20 events):
Event: 27.519 Thread 0x0000024e7e3f7f80 Exception <a 'java/lang/NullPointerException'{0x00000000d55a8e48}> (0x00000000d55a8e48) 
thrown [s\src\hotspot\share\interpreter\linkResolver.cpp, line 1372]
Event: 27.520 Thread 0x0000024e7e3f7f80 Exception <a 'java/lang/NullPointerException'{0x00000000d55a95b0}> (0x00000000d55a95b0) 
thrown [s\src\hotspot\share\interpreter\linkResolver.cpp, line 1372]
Event: 27.522 Thread 0x0000024e7e3f7f80 Exception <a 'java/lang/NullPointerException'{0x00000000d55aa5f8}> (0x00000000d55aa5f8) 
thrown [s\src\hotspot\share\interpreter\linkResolver.cpp, line 1372]
Event: 27.524 Thread 0x0000024e7e3f7f80 Exception <a 'java/lang/NullPointerException'{0x00000000d55ab208}> (0x00000000d55ab208) 
thrown [s\src\hotspot\share\interpreter\linkResolver.cpp, line 1372]
Event: 27.526 Thread 0x0000024e7e3f7f80 Exception <a 'java/lang/NullPointerException'{0x00000000d55acd70}> (0x00000000d55acd70) 
thrown [s\src\hotspot\share\interpreter\linkResolver.cpp, line 1372]
Event: 27.527 Thread 0x0000024e7e3f7f80 Exception <a 'java/lang/NullPointerException'{0x00000000d55ade60}> (0x00000000d55ade60) 
thrown [s\src\hotspot\share\interpreter\linkResolver.cpp, line 1372]
Event: 27.597 Thread 0x0000024e7f338ab0 Exception <a 'java/lang/IncompatibleClassChangeError'{0x00000000d5bd7a08}: Found class java.lang.Object, but interface was expected> (0x00000000d5bd7a08) 
thrown [s\src\hotspot\share\interpreter\linkResolver.cpp, line 840]
Event: 27.613 Thread 0x0000024e7e3f7260 Exception <a 'sun/nio/fs/WindowsException'{0x00000000d5c97948}> (0x00000000d5c97948) 
thrown [s\src\hotspot\share\prims\jni.cpp, line 520]
Event: 27.613 Thread 0x0000024e7e3f7260 Exception <a 'sun/nio/fs/WindowsException'{0x00000000d5c97f78}> (0x00000000d5c97f78) 
thrown [s\src\hotspot\share\prims\jni.cpp, line 520]
Event: 27.614 Thread 0x0000024e7e3f7260 Exception <a 'sun/nio/fs/WindowsException'{0x00000000d5c98920}> (0x00000000d5c98920) 
thrown [s\src\hotspot\share\prims\jni.cpp, line 520]
Event: 27.614 Thread 0x0000024e7e3f7260 Exception <a 'sun/nio/fs/WindowsException'{0x00000000d5c98f50}> (0x00000000d5c98f50) 
thrown [s\src\hotspot\share\prims\jni.cpp, line 520]
Event: 27.662 Thread 0x0000024e7e3f7260 Exception <a 'sun/nio/fs/WindowsException'{0x00000000d6173a38}> (0x00000000d6173a38) 
thrown [s\src\hotspot\share\prims\jni.cpp, line 520]
Event: 27.664 Thread 0x0000024e7f167bb0 Exception <a 'sun/nio/fs/WindowsException'{0x00000000d618e2f0}> (0x00000000d618e2f0) 
thrown [s\src\hotspot\share\prims\jni.cpp, line 520]
Event: 27.665 Thread 0x0000024e7f168f60 Exception <a 'sun/nio/fs/WindowsException'{0x00000000d618fba0}> (0x00000000d618fba0) 
thrown [s\src\hotspot\share\prims\jni.cpp, line 520]
Event: 27.666 Thread 0x0000024e7f168f60 Exception <a 'sun/nio/fs/WindowsException'{0x00000000d61921d0}> (0x00000000d61921d0) 
thrown [s\src\hotspot\share\prims\jni.cpp, line 520]
Event: 27.667 Thread 0x0000024e7f166170 Exception <a 'sun/nio/fs/WindowsException'{0x00000000d61bd8f0}> (0x00000000d61bd8f0) 
thrown [s\src\hotspot\share\prims\jni.cpp, line 520]
Event: 27.667 Thread 0x0000024e7f168240 Exception <a 'sun/nio/fs/WindowsException'{0x00000000d61b2c80}> (0x00000000d61b2c80) 
thrown [s\src\hotspot\share\prims\jni.cpp, line 520]
Event: 27.667 Thread 0x0000024e7f982da0 Exception <a 'sun/nio/fs/WindowsException'{0x00000000d61c1958}> (0x00000000d61c1958) 
thrown [s\src\hotspot\share\prims\jni.cpp, line 520]
Event: 27.668 Thread 0x0000024e7f981360 Exception <a 'sun/nio/fs/WindowsException'{0x00000000d61d2dd0}> (0x00000000d61d2dd0) 
thrown [s\src\hotspot\share\prims\jni.cpp, line 520]
Event: 27.668 Thread 0x0000024e7f984150 Exception <a 'sun/nio/fs/WindowsException'{0x00000000d61d65b8}> (0x00000000d61d65b8) 
thrown [s\src\hotspot\share\prims\jni.cpp, line 520]

ZGC Phase Switch (0 events):
No events

VM Operations (20 events):
Event: 26.291 Executing non-safepoint VM operation: HandshakeAllThreads (Deoptimize) done
Event: 26.295 Executing non-safepoint VM operation: HandshakeAllThreads (Deoptimize)
Event: 26.295 Executing non-safepoint VM operation: HandshakeAllThreads (Deoptimize) done
Event: 27.179 Executing non-safepoint VM operation: HandshakeAllThreads (Deoptimize)
Event: 27.180 Executing non-safepoint VM operation: HandshakeAllThreads (Deoptimize) done
Event: 27.499 Executing safepoint VM operation: ParallelGCFailedAllocation (Allocation Failure)
Event: 27.518 Executing safepoint VM operation: ParallelGCFailedAllocation (Allocation Failure) done
Event: 27.554 Executing non-safepoint VM operation: HandshakeAllThreads (Deoptimize)
Event: 27.554 Executing non-safepoint VM operation: HandshakeAllThreads (Deoptimize) done
Event: 27.589 Executing non-safepoint VM operation: HandshakeAllThreads (Deoptimize)
Event: 27.589 Executing non-safepoint VM operation: HandshakeAllThreads (Deoptimize) done
Event: 27.598 Executing safepoint VM operation: ICBufferFull
Event: 27.598 Executing safepoint VM operation: ICBufferFull done
Event: 27.602 Executing non-safepoint VM operation: HandshakeAllThreads (Deoptimize)
Event: 27.602 Executing non-safepoint VM operation: HandshakeAllThreads (Deoptimize) done
Event: 27.642 Executing non-safepoint VM operation: HandshakeAllThreads (Deoptimize)
Event: 27.642 Executing non-safepoint VM operation: HandshakeAllThreads (Deoptimize) done
Event: 27.714 Executing safepoint VM operation: ParallelGCFailedAllocation (Allocation Failure)
Event: 27.720 Executing safepoint VM operation: ParallelGCFailedAllocation (Allocation Failure) done
Event: 28.721 Executing safepoint VM operation: Cleanup

Memory protections (0 events):
No events

Nmethod flushes (20 events):
Event: 16.267 Thread 0x0000024e6dfe9b60 flushing  nmethod 0x0000024e006cfb10
Event: 16.267 Thread 0x0000024e6dfe9b60 flushing  nmethod 0x0000024e006d2c90
Event: 16.267 Thread 0x0000024e6dfe9b60 flushing  nmethod 0x0000024e006d3210
Event: 16.267 Thread 0x0000024e6dfe9b60 flushing  nmethod 0x0000024e006f3b10
Event: 16.267 Thread 0x0000024e6dfe9b60 flushing  nmethod 0x0000024e00741490
Event: 16.267 Thread 0x0000024e6dfe9b60 flushing  nmethod 0x0000024e00743c90
Event: 16.267 Thread 0x0000024e6dfe9b60 flushing  nmethod 0x0000024e00744590
Event: 16.267 Thread 0x0000024e6dfe9b60 flushing  nmethod 0x0000024e00745790
Event: 16.267 Thread 0x0000024e6dfe9b60 flushing  nmethod 0x0000024e00745f90
Event: 16.267 Thread 0x0000024e6dfe9b60 flushing  nmethod 0x0000024e00747c90
Event: 16.267 Thread 0x0000024e6dfe9b60 flushing  nmethod 0x0000024e00748190
Event: 16.267 Thread 0x0000024e6dfe9b60 flushing  nmethod 0x0000024e00748a90
Event: 16.267 Thread 0x0000024e6dfe9b60 flushing  nmethod 0x0000024e00749310
Event: 16.267 Thread 0x0000024e6dfe9b60 flushing  nmethod 0x0000024e00749e90
Event: 16.267 Thread 0x0000024e6dfe9b60 flushing  nmethod 0x0000024e0074b910
Event: 16.267 Thread 0x0000024e6dfe9b60 flushing  nmethod 0x0000024e0074d390
Event: 16.267 Thread 0x0000024e6dfe9b60 flushing  nmethod 0x0000024e0078f510
Event: 16.267 Thread 0x0000024e6dfe9b60 flushing  nmethod 0x0000024e007b0b90
Event: 16.267 Thread 0x0000024e6dfe9b60 flushing  nmethod 0x0000024e007b7790
Event: 16.267 Thread 0x0000024e6dfe9b60 flushing  nmethod 0x0000024e00807590

Events (20 events):
Event: 25.892 Thread 0x0000024e7e3f7260 Thread added: 0x0000024e7e456660
Event: 26.191 Thread 0x0000024e7d2bd2c0 Thread added: 0x0000024e7f65ccc0
Event: 27.300 Thread 0x0000024e7e3f7260 Thread added: 0x0000024e7e4580a0
Event: 27.313 Thread 0x0000024e7e3f7260 Thread added: 0x0000024e7e457a10
Event: 27.313 Thread 0x0000024e7e3f7260 Thread added: 0x0000024e7e454c20
Event: 27.314 Thread 0x0000024e7e3f7260 Thread added: 0x0000024e7e4552b0
Event: 27.314 Thread 0x0000024e7e3f7260 Thread added: 0x0000024e7e45bbb0
Event: 27.314 Thread 0x0000024e7e3f7260 Thread added: 0x0000024e7e45a170
Event: 27.314 Thread 0x0000024e7e3f7260 Thread added: 0x0000024e7e45a800
Event: 27.314 Thread 0x0000024e7e3f7260 Thread added: 0x0000024e7e459450
Event: 27.314 Thread 0x0000024e7e3f7260 Thread added: 0x0000024e7e459ae0
Event: 27.603 Thread 0x0000024e7e3f7260 Thread added: 0x0000024e7e45b520
Event: 27.671 Thread 0x0000024e7f982080 Thread added: 0x0000024e7e45ae90
Event: 27.673 Thread 0x0000024e7f9847e0 Thread added: 0x0000024e7e458730
Event: 27.674 Thread 0x0000024e7f166170 Thread added: 0x0000024e7e45c240
Event: 27.674 Thread 0x0000024e7f1688d0 Thread added: 0x0000024e7e458dc0
Event: 27.674 Thread 0x0000024e7e45ae90 Thread added: 0x0000024e7f63c1f0
Event: 27.675 Thread 0x0000024e7f982da0 Thread added: 0x0000024e7f63a120
Event: 27.675 Thread 0x0000024e7f165ae0 Thread added: 0x0000024e7f638d70
Event: 27.676 Thread 0x0000024e7f981360 Thread added: 0x0000024e7f639a90


Dynamic libraries:
0x00007ff734ff0000 - 0x00007ff734ffe000 	c:\Users\USER\.antigravity-ide\extensions\redhat.java-1.55.0-win32-x64\jre\21.0.11-win32-x86_64\bin\java.exe
0x00007ffc98580000 - 0x00007ffc987e6000 	C:\WINDOWS\SYSTEM32\ntdll.dll
0x00007ffc976b0000 - 0x00007ffc97779000 	C:\WINDOWS\System32\KERNEL32.DLL
0x00007ffc95d50000 - 0x00007ffc96150000 	C:\WINDOWS\System32\KERNELBASE.dll
0x00007ffc957a0000 - 0x00007ffc958ec000 	C:\WINDOWS\System32\ucrtbase.dll
0x00007ffc6b700000 - 0x00007ffc6b71e000 	c:\Users\USER\.antigravity-ide\extensions\redhat.java-1.55.0-win32-x64\jre\21.0.11-win32-x86_64\bin\VCRUNTIME140.dll
0x00007ffc68510000 - 0x00007ffc68528000 	c:\Users\USER\.antigravity-ide\extensions\redhat.java-1.55.0-win32-x64\jre\21.0.11-win32-x86_64\bin\jli.dll
0x00007ffc96340000 - 0x00007ffc96507000 	C:\WINDOWS\System32\USER32.dll
0x00007ffc95900000 - 0x00007ffc95927000 	C:\WINDOWS\System32\win32u.dll
0x00007ffc96b90000 - 0x00007ffc96bbb000 	C:\WINDOWS\System32\GDI32.dll
0x00007ffc7b1e0000 - 0x00007ffc7b472000 	C:\WINDOWS\WinSxS\amd64_microsoft.windows.common-controls_6595b64144ccf1df_6.0.26100.8737_none_3e092eaee333b772\COMCTL32.dll
0x00007ffc95c20000 - 0x00007ffc95d49000 	C:\WINDOWS\System32\gdi32full.dll
0x00007ffc959f0000 - 0x00007ffc95a93000 	C:\WINDOWS\System32\msvcp_win.dll
0x00007ffc96510000 - 0x00007ffc965b9000 	C:\WINDOWS\System32\msvcrt.dll
0x00007ffc96a50000 - 0x00007ffc96a82000 	C:\WINDOWS\System32\IMM32.DLL
0x00007ffc92020000 - 0x00007ffc9202c000 	c:\Users\USER\.antigravity-ide\extensions\redhat.java-1.55.0-win32-x64\jre\21.0.11-win32-x86_64\bin\vcruntime140_1.dll
0x00007ffc1bfe0000 - 0x00007ffc1c06d000 	c:\Users\USER\.antigravity-ide\extensions\redhat.java-1.55.0-win32-x64\jre\21.0.11-win32-x86_64\bin\msvcp140.dll
0x00007ffbb8ff0000 - 0x00007ffbb9d92000 	c:\Users\USER\.antigravity-ide\extensions\redhat.java-1.55.0-win32-x64\jre\21.0.11-win32-x86_64\bin\server\jvm.dll
0x00007ffc975f0000 - 0x00007ffc976a7000 	C:\WINDOWS\System32\ADVAPI32.dll
0x00007ffc98480000 - 0x00007ffc9852a000 	C:\WINDOWS\System32\sechost.dll
0x00007ffc98020000 - 0x00007ffc98138000 	C:\WINDOWS\System32\RPCRT4.dll
0x00007ffc96bc0000 - 0x00007ffc96c40000 	C:\WINDOWS\System32\WS2_32.dll
0x00007ffc95600000 - 0x00007ffc9565e000 	C:\WINDOWS\SYSTEM32\POWRPROF.dll
0x00007ffc84b70000 - 0x00007ffc84b7b000 	C:\WINDOWS\SYSTEM32\VERSION.dll
0x00007ffc8a680000 - 0x00007ffc8a6b6000 	C:\WINDOWS\SYSTEM32\WINMM.dll
0x00007ffc955d0000 - 0x00007ffc955e4000 	C:\WINDOWS\SYSTEM32\UMPDC.dll
0x00007ffc94480000 - 0x00007ffc9449b000 	C:\WINDOWS\SYSTEM32\kernel.appcore.dll
0x00007ffc8d310000 - 0x00007ffc8d31a000 	c:\Users\USER\.antigravity-ide\extensions\redhat.java-1.55.0-win32-x64\jre\21.0.11-win32-x86_64\bin\jimage.dll
0x00007ffc92960000 - 0x00007ffc92ba2000 	C:\WINDOWS\SYSTEM32\DBGHELP.DLL
0x00007ffc96cd0000 - 0x00007ffc97053000 	C:\WINDOWS\System32\combase.dll
0x00007ffc983a0000 - 0x00007ffc98479000 	C:\WINDOWS\System32\OLEAUT32.dll
0x00007ffc76180000 - 0x00007ffc761bb000 	C:\WINDOWS\SYSTEM32\dbgcore.DLL
0x00007ffc961f0000 - 0x00007ffc9629c000 	C:\WINDOWS\System32\bcryptPrimitives.dll
0x00007ffc83990000 - 0x00007ffc8399f000 	c:\Users\USER\.antigravity-ide\extensions\redhat.java-1.55.0-win32-x64\jre\21.0.11-win32-x86_64\bin\instrument.dll
0x00007ffc54620000 - 0x00007ffc54640000 	c:\Users\USER\.antigravity-ide\extensions\redhat.java-1.55.0-win32-x64\jre\21.0.11-win32-x86_64\bin\java.dll
0x00007ffc97860000 - 0x00007ffc97ff2000 	C:\WINDOWS\System32\SHELL32.dll
0x00007ffc93220000 - 0x00007ffc93ab2000 	C:\WINDOWS\SYSTEM32\windows.storage.dll
0x00007ffc96a90000 - 0x00007ffc96b87000 	C:\WINDOWS\System32\SHCORE.dll
0x00007ffc970f0000 - 0x00007ffc97157000 	C:\WINDOWS\System32\shlwapi.dll
0x00007ffc956c0000 - 0x00007ffc956e9000 	C:\WINDOWS\SYSTEM32\profapi.dll
0x00007ffc450f0000 - 0x00007ffc45108000 	c:\Users\USER\.antigravity-ide\extensions\redhat.java-1.55.0-win32-x64\jre\21.0.11-win32-x86_64\bin\zip.dll
0x00007ffc83520000 - 0x00007ffc83530000 	C:\Users\USER\.antigravity-ide\extensions\redhat.java-1.55.0-win32-x64\jre\21.0.11-win32-x86_64\bin\net.dll
0x00007ffc8a550000 - 0x00007ffc8a679000 	C:\WINDOWS\SYSTEM32\WINHTTP.dll
0x00007ffc94a30000 - 0x00007ffc94a9c000 	C:\WINDOWS\system32\mswsock.dll
0x00007ffc42a30000 - 0x00007ffc42a46000 	C:\Users\USER\.antigravity-ide\extensions\redhat.java-1.55.0-win32-x64\jre\21.0.11-win32-x86_64\bin\nio.dll
0x00007ffc833d0000 - 0x00007ffc833e0000 	c:\Users\USER\.antigravity-ide\extensions\redhat.java-1.55.0-win32-x64\jre\21.0.11-win32-x86_64\bin\verify.dll
0x00007ffbeca30000 - 0x00007ffbeca75000 	C:\Users\USER\AppData\Roaming\Antigravity IDE\User\globalStorage\redhat.java\1.55.0\config_win\org.eclipse.equinox.launcher\org.eclipse.equinox.launcher.win32.win32.x86_64_1.3.100.v20260613-0559\eclipse_11924.dll
0x00007ffc966c0000 - 0x00007ffc96859000 	C:\WINDOWS\System32\ole32.dll
0x00007ffc94d30000 - 0x00007ffc94d4b000 	C:\WINDOWS\SYSTEM32\CRYPTSP.dll
0x00007ffc943e0000 - 0x00007ffc94419000 	C:\WINDOWS\system32\rsaenh.dll
0x00007ffc94af0000 - 0x00007ffc94b22000 	C:\WINDOWS\SYSTEM32\USERENV.dll
0x00007ffc95690000 - 0x00007ffc956ba000 	C:\WINDOWS\SYSTEM32\bcrypt.dll
0x00007ffc94d50000 - 0x00007ffc94d5c000 	C:\WINDOWS\SYSTEM32\CRYPTBASE.dll
0x00007ffc93e80000 - 0x00007ffc93eb3000 	C:\WINDOWS\SYSTEM32\IPHLPAPI.DLL
0x00007ffc98530000 - 0x00007ffc9853a000 	C:\WINDOWS\System32\NSI.dll
0x00007ffc61780000 - 0x00007ffc617c9000 	C:\Users\USER\AppData\Local\Temp\jna-2614219\jna11039676167899574968.dll
0x00007ffc97850000 - 0x00007ffc97858000 	C:\WINDOWS\System32\PSAPI.DLL
0x00007ffc8c4c0000 - 0x00007ffc8c4dd000 	C:\WINDOWS\SYSTEM32\dhcpcsvc6.DLL
0x00007ffc8c080000 - 0x00007ffc8c0a5000 	C:\WINDOWS\SYSTEM32\dhcpcsvc.DLL

JVMTI agents:
c:\Users\USER\.antigravity-ide\extensions\redhat.java-1.55.0-win32-x64\lombok\lombok-1.18.39-4050.jar path:c:\Users\USER\.antigravity-ide\extensions\redhat.java-1.55.0-win32-x64\jre\21.0.11-win32-x86_64\bin\instrument.dll, loaded, initialized, instrumentlib options:none

dbghelp: loaded successfully - version: 4.0.5 - missing functions: none
symbol engine: initialized successfully - sym options: 0x614 - pdb path: .;c:\Users\USER\.antigravity-ide\extensions\redhat.java-1.55.0-win32-x64\jre\21.0.11-win32-x86_64\bin;C:\WINDOWS\SYSTEM32;C:\WINDOWS\WinSxS\amd64_microsoft.windows.common-controls_6595b64144ccf1df_6.0.26100.8737_none_3e092eaee333b772;c:\Users\USER\.antigravity-ide\extensions\redhat.java-1.55.0-win32-x64\jre\21.0.11-win32-x86_64\bin\server;C:\Users\USER\AppData\Roaming\Antigravity IDE\User\globalStorage\redhat.java\1.55.0\config_win\org.eclipse.equinox.launcher\org.eclipse.equinox.launcher.win32.win32.x86_64_1.3.100.v20260613-0559;C:\Users\USER\AppData\Local\Temp\jna-2614219

VM Arguments:
jvm_args: --add-modules=ALL-SYSTEM --add-opens=java.base/java.util=ALL-UNNAMED --add-opens=java.base/java.lang=ALL-UNNAMED --add-opens=java.base/sun.nio.fs=ALL-UNNAMED -Declipse.application=org.eclipse.jdt.ls.core.id1 -Dosgi.bundles.defaultStartLevel=4 -Declipse.product=org.eclipse.jdt.ls.core.product -Djava.import.generatesMetadataFilesAtProjectRoot=false -DDetectVMInstallationsJob.disabled=true -Dfile.encoding=utf8 -XX:+UseParallelGC -XX:GCTimeRatio=4 -XX:AdaptiveSizePolicyWeight=90 -Dsun.zip.disableMemoryMapping=true -Xmx2G -Xms100m -Xlog:disable -javaagent:c:\Users\USER\.antigravity-ide\extensions\redhat.java-1.55.0-win32-x64\lombok\lombok-1.18.39-4050.jar -XX:+HeapDumpOnOutOfMemoryError -XX:HeapDumpPath=c:\Users\USER\AppData\Roaming\Antigravity IDE\User\workspaceStorage\dcd9b6f879a3aa02deb31407ba3962f0\redhat.java -Daether.dependencyCollector.impl=bf 
java_command: c:\Users\USER\.antigravity-ide\extensions\redhat.java-1.55.0-win32-x64\server\plugins\org.eclipse.equinox.launcher_1.7.200.v20260619-2039.jar -configuration c:\Users\USER\AppData\Roaming\Antigravity IDE\User\globalStorage\redhat.java\1.55.0\config_win -data c:\Users\USER\AppData\Roaming\Antigravity IDE\User\workspaceStorage\dcd9b6f879a3aa02deb31407ba3962f0\redhat.java\jdt_ws --pipe=\\.\pipe\lsp-fda961be532483a2bec704283055f5f3-sock
java_class_path (initial): c:\Users\USER\.antigravity-ide\extensions\redhat.java-1.55.0-win32-x64\server\plugins\org.eclipse.equinox.launcher_1.7.200.v20260619-2039.jar
Launcher Type: SUN_STANDARD

[Global flags]
    uintx AdaptiveSizePolicyWeight                 = 90                                        {product} {command line}
     intx CICompilerCount                          = 12                                        {product} {ergonomic}
    uintx GCTimeRatio                              = 4                                         {product} {command line}
     bool HeapDumpOnOutOfMemoryError               = true                                   {manageable} {command line}
    ccstr HeapDumpPath                             = c:\Users\USER\AppData\Roaming\Antigravity IDE\User\workspaceStorage\dcd9b6f879a3aa02deb31407ba3962f0\redhat.java         {manageable} {command line}
   size_t InitialHeapSize                          = 104857600                                 {product} {command line}
   size_t MaxHeapSize                              = 2147483648                                {product} {command line}
   size_t MaxNewSize                               = 715653120                                 {product} {ergonomic}
   size_t MinHeapDeltaBytes                        = 524288                                    {product} {ergonomic}
   size_t MinHeapSize                              = 104857600                                 {product} {command line}
   size_t NewSize                                  = 34603008                                  {product} {ergonomic}
    uintx NonNMethodCodeHeapSize                   = 7602480                                {pd product} {ergonomic}
    uintx NonProfiledCodeHeapSize                  = 122027880                              {pd product} {ergonomic}
   size_t OldSize                                  = 70254592                                  {product} {ergonomic}
    uintx ProfiledCodeHeapSize                     = 122027880                              {pd product} {ergonomic}
    uintx ReservedCodeCacheSize                    = 251658240                              {pd product} {ergonomic}
     bool SegmentedCodeCache                       = true                                      {product} {ergonomic}
   size_t SoftMaxHeapSize                          = 2147483648                             {manageable} {ergonomic}
     bool UseCompressedOops                        = true                           {product lp64_product} {ergonomic}
     bool UseLargePagesIndividualAllocation        = false                                  {pd product} {ergonomic}
     bool UseParallelGC                            = true                                      {product} {command line}

Logging:
Log output configuration:
 #0: stdout all=off uptime,level,tags foldmultilines=false
 #1: stderr all=off uptime,level,tags foldmultilines=false

Release file:
JAVA_VERSION="21.0.11" 
MODULES="java.base java.compiler java.datatransfer java.xml java.prefs java.desktop java.instrument java.logging java.management java.security.sasl java.naming java.rmi java.management.rmi java.net.http java.scripting java.security.jgss java.transaction.xa java.sql java.sql.rowset java.xml.crypto java.se java.smartcardio jdk.accessibility jdk.internal.jvmstat jdk.attach jdk.charsets jdk.internal.opt jdk.zipfs jdk.compiler jdk.crypto.ec jdk.crypto.cryptoki jdk.crypto.mscapi jdk.dynalink jdk.internal.ed jdk.editpad jdk.hotspot.agent jdk.httpserver jdk.internal.le jdk.internal.vm.ci jdk.internal.vm.compiler jdk.internal.vm.compiler.management jdk.jartool jdk.javadoc jdk.jcmd jdk.management jdk.management.agent jdk.jconsole jdk.jdeps jdk.jdwp.agent jdk.jdi jdk.jfr jdk.jshell jdk.jsobject jdk.jstatd jdk.localedata jdk.management.jfr jdk.naming.dns jdk.naming.rmi jdk.net jdk.nio.mapmode jdk.random jdk.sctp jdk.security.auth jdk.security.jgss jdk.unsupported jdk.unsupported.desktop jdk.xml.dom" 

Environment Variables:
JAVA_HOME=C:\Program Files\Java\jdk-21
PATH=C:\Python314\Scripts\;C:\Python314\;C:\Program Files\Common Files\Oracle\Java\javapath;C:\WINDOWS\system32;C:\WINDOWS;C:\WINDOWS\System32\Wbem;C:\WINDOWS\System32\WindowsPowerShell\v1.0\;C:\WINDOWS\System32\OpenSSH\;C:\Program Files (x86)\NVIDIA Corporation\PhysX\Common;C:\Program Files\NVIDIA Corporation\NVIDIA NvDLISR;C:\Program Files\dotnet\;C:\Program Files\Git\cmd;C:\Program Files\nodejs\;C:\ProgramData\chocolatey\bin;C:\Users\USER\.local\bin;;C:\Program Files\Docker\Docker\resources\bin;C:\Program Files\Redis\;C:\Users\USER\AppData\Local\Microsoft\WindowsApps;C:\Program Files\JetBrains\IntelliJ IDEA 2025.2.3\bin;C:\Program Files\JetBrains\PyCharm 2025.2.3\bin;C:\Program Files\JetBrains\WebStorm 2025.2.4\bin;C:\Program Files\Java\jdk-21\bin;C:\Users\USER\AppData\Roaming\npm;C:\Users\USER\AppData\Local\Programs\Microsoft VS Code\bin;C:\ffmeg\ffmpeg\ffmpeg\bin;C:\maven\apache-maven-3.9.12-bin\apache-maven-3.9.12\bin;C:\Users\USER\AppData\Local\Programs\Antigravity IDE\bin;C:\Users\USER\.dotnet\tools;C:\Users\USER\AppData\Local\Microsoft\WinGet\Packages\Helm.Helm_Microsoft.Winget.Source_8wekyb3d8bbwe\windows-amd64;
USERNAME=USER
OS=Windows_NT
PROCESSOR_IDENTIFIER=Intel64 Family 6 Model 170 Stepping 4, GenuineIntel
TMP=C:\Users\USER\AppData\Local\Temp
TEMP=C:\Users\USER\AppData\Local\Temp




Periodic native trim disabled

---------------  S Y S T E M  ---------------

OS:
 Windows 11 , 64 bit Build 26100 (10.0.26100.8737)
OS uptime: 0 days 5:01 hours
Hyper-V role detected

CPU: total 22 (initial active 22) (11 cores per cpu, 2 threads per core) family 6 model 170 stepping 4 microcode 0x1e, cx8, cmov, fxsr, ht, mmx, 3dnowpref, sse, sse2, sse3, ssse3, sse4.1, sse4.2, popcnt, lzcnt, tsc, tscinvbit, avx, avx2, aes, erms, clmul, bmi1, bmi2, adx, sha, fma, vzeroupper, clflush, clflushopt, clwb, hv, serialize, rdtscp, rdpid, fsrm, f16c, cet_ibt, cet_ss
Processor Information for processor 0
  Max Mhz: 1400, Current Mhz: 1400, Mhz Limit: 1400
Processor Information for processor 1
  Max Mhz: 1400, Current Mhz: 1400, Mhz Limit: 1400
Processor Information for processor 2
  Max Mhz: 3800, Current Mhz: 900, Mhz Limit: 874
Processor Information for processor 3
  Max Mhz: 3800, Current Mhz: 900, Mhz Limit: 874
Processor Information for processor 4
  Max Mhz: 3800, Current Mhz: 900, Mhz Limit: 874
Processor Information for processor 5
  Max Mhz: 3800, Current Mhz: 900, Mhz Limit: 874
Processor Information for processor 6
  Max Mhz: 3800, Current Mhz: 900, Mhz Limit: 874
Processor Information for processor 7
  Max Mhz: 3800, Current Mhz: 900, Mhz Limit: 874
Processor Information for processor 8
  Max Mhz: 3800, Current Mhz: 900, Mhz Limit: 874
Processor Information for processor 9
  Max Mhz: 3800, Current Mhz: 900, Mhz Limit: 874
Processor Information for processor 10
  Max Mhz: 1400, Current Mhz: 1400, Mhz Limit: 1400
Processor Information for processor 11
  Max Mhz: 1400, Current Mhz: 1400, Mhz Limit: 1400
Processor Information for processor 12
  Max Mhz: 1400, Current Mhz: 1400, Mhz Limit: 1400
Processor Information for processor 13
  Max Mhz: 1400, Current Mhz: 1400, Mhz Limit: 1400
Processor Information for processor 14
  Max Mhz: 1400, Current Mhz: 1400, Mhz Limit: 1400
Processor Information for processor 15
  Max Mhz: 1400, Current Mhz: 1400, Mhz Limit: 1400
Processor Information for processor 16
  Max Mhz: 1400, Current Mhz: 1400, Mhz Limit: 1400
Processor Information for processor 17
  Max Mhz: 1400, Current Mhz: 1400, Mhz Limit: 1400
Processor Information for processor 18
  Max Mhz: 1400, Current Mhz: 1400, Mhz Limit: 1400
Processor Information for processor 19
  Max Mhz: 1400, Current Mhz: 1400, Mhz Limit: 1400
Processor Information for processor 20
  Max Mhz: 2500, Current Mhz: 700, Mhz Limit: 700
Processor Information for processor 21
  Max Mhz: 2500, Current Mhz: 700, Mhz Limit: 700

Memory: 4k page, system-wide physical 15894M (208M free)
TotalPageFile size 49221M (AvailPageFile size 0M)
current process WorkingSet (physical memory assigned to process): 311M, peak: 311M
current process commit charge ("private bytes"): 411M, peak: 415M

vm_info: OpenJDK 64-Bit Server VM (21.0.11+10-LTS) for windows-amd64 JRE (21.0.11+10-LTS), built on 2026-04-21T00:00:00Z by "admin" with MS VC++ 17.12 (VS2022)

END.
